I001 [*] Import block is un-sorted or un-formatted
  --> tests\test_entropy_execution_peer.py:3:1
   |
 1 |   """Synthetic peer chronology through real bounded numeric-loopback HTTP/WS only."""
 2 |
 3 | / from __future__ import annotations
 4 | |
 5 | | import asyncio
 6 | | import json
 7 | | from decimal import Decimal
 8 | | from urllib.parse import urlsplit
 9 | |
10 | | import pytest
11 | | from websockets.asyncio.client import connect
12 | |
13 | | from entropy_execution_peer import USER, ExecutionPeer
   | |______________________________________________________^
help: Organize imports
   |
10 | import pytest
   - from websockets.asyncio.client import connect
   -
11 | from entropy_execution_peer import USER, ExecutionPeer
12 + from websockets.asyncio.client import connect
13 |
   |

SIM117 Use a single `with` statement with multiple contexts instead of nested `with` statements
  --> tests\test_entropy_execution_peer.py:95:9
   |
93 |   def test_overlapping_entry_and_reduce_close_execute_before_ack_publish_once():
94 |       async def scenario():
95 | /         async with ExecutionPeer("HYPERLIQUID") as peer:
96 | |             async with connect(peer.ws_url, max_size=65536) as ws:
   | |__________________________________________________________________^
97 |                   await ws.send(json.dumps(order(1)))
98 |                   first_ack = await receive(ws, "post")
   |
help: Combine `with` statements

SIM117 Use a single `with` statement with multiple contexts instead of nested `with` statements
   --> tests\test_entropy_execution_peer.py:150:9
    |
148 |   def test_unexecuted_negative_requests_leave_no_phantom_filled_state(fault):
149 |       async def scenario():
150 | /         async with ExecutionPeer("HYPERLIQUID", fault=fault) as peer:
151 | |             async with connect(peer.ws_url, max_size=65536) as ws:
    | |__________________________________________________________________^
152 |                   prior = []
153 |                   expected = Decimal(0)
    |
help: Combine `with` statements

Found 3 errors.
[*] 1 fixable with the `--fix` option.
