warning: linker stdout: 正在创建库 E:/persarb/nautilus_trader/target\nextest\deps\nautilus_persistence_macros-63fd5ed65377140a.dll.lib 和对象 E:/persarb/nautilus_trader/target\nextest\deps\nautilus_persistence_macros-63fd5ed65377140a.dll.exp
  |
  = note: `#[warn(linker_messages)]` on by default
  = note: the `linker_messages` lint ignores `-D warnings`

warning: `nautilus-persistence-macros` (lib) generated 1 warning
warning: linker stdout: 正在创建库 E:\persarb\nautilus_trader\target\nextest\deps\hyperliquid_ws_exec.lib 和对象 E:\persarb\nautilus_trader\target\nextest\deps\hyperliquid_ws_exec.exp
  |
  = note: `#[warn(linker_messages)]` on by default
  = note: the `linker_messages` lint ignores `-D warnings`

warning: linker stdout: 正在创建库 E:\persarb\nautilus_trader\target\nextest\deps\hyperliquid_http_public.lib 和对象 E:\persarb\nautilus_trader\target\nextest\deps\hyperliquid_http_public.exp
  |
  = note: `#[warn(linker_messages)]` on by default
  = note: the `linker_messages` lint ignores `-D warnings`

warning: linker stdout: 正在创建库 E:\persarb\nautilus_trader\target\nextest\deps\hyperliquid_builder_fee_approve.lib 和对象 E:\persarb\nautilus_trader\target\nextest\deps\hyperliquid_builder_fee_approve.exp
  |
  = note: `#[warn(linker_messages)]` on by default
  = note: the `linker_messages` lint ignores `-D warnings`

warning: linker stdout: 正在创建库 E:\persarb\nautilus_trader\target\nextest\deps\hyperliquid_http_exec.lib 和对象 E:\persarb\nautilus_trader\target\nextest\deps\hyperliquid_http_exec.exp
  |
  = note: `#[warn(linker_messages)]` on by default
  = note: the `linker_messages` lint ignores `-D warnings`

warning: linker stdout: 正在创建库 E:\persarb\nautilus_trader\target\nextest\deps\hyperliquid_http_private.lib 和对象 E:\persarb\nautilus_trader\target\nextest\deps\hyperliquid_http_private.exp
  |
  = note: `#[warn(linker_messages)]` on by default
  = note: the `linker_messages` lint ignores `-D warnings`

warning: linker stdout: 正在创建库 E:\persarb\nautilus_trader\target\nextest\deps\hyperliquid_flatten.lib 和对象 E:\persarb\nautilus_trader\target\nextest\deps\hyperliquid_flatten.exp
  |
  = note: `#[warn(linker_messages)]` on by default
  = note: the `linker_messages` lint ignores `-D warnings`

warning: linker stdout: 正在创建库 E:\persarb\nautilus_trader\target\nextest\deps\hyperliquid_capture_test_data.lib 和对象 E:\persarb\nautilus_trader\target\nextest\deps\hyperliquid_capture_test_data.exp
  |
  = note: `#[warn(linker_messages)]` on by default
  = note: the `linker_messages` lint ignores `-D warnings`

warning: linker stdout: 正在创建库 E:\persarb\nautilus_trader\target\nextest\deps\hyperliquid_ws_data.lib 和对象 E:\persarb\nautilus_trader\target\nextest\deps\hyperliquid_ws_data.exp
  |
  = note: `#[warn(linker_messages)]` on by default
  = note: the `linker_messages` lint ignores `-D warnings`

warning: linker stdout: 正在创建库 E:\persarb\nautilus_trader\target\nextest\deps\hyperliquid_builder_fee_revoke.lib 和对象 E:\persarb\nautilus_trader\target\nextest\deps\hyperliquid_builder_fee_revoke.exp
  |
  = note: `#[warn(linker_messages)]` on by default
  = note: the `linker_messages` lint ignores `-D warnings`

warning: linker stdout: 正在创建库 E:\persarb\nautilus_trader\target\nextest\deps\hyperliquid_http_user_outcome.lib 和对象 E:\persarb\nautilus_trader\target\nextest\deps\hyperliquid_http_user_outcome.exp
  |
  = note: `#[warn(linker_messages)]` on by default
  = note: the `linker_messages` lint ignores `-D warnings`

warning: linker stdout: 正在创建库 E:\persarb\nautilus_trader\target\nextest\deps\hyperliquid_http_outcome_order.lib 和对象 E:\persarb\nautilus_trader\target\nextest\deps\hyperliquid_http_outcome_order.exp
  |
  = note: `#[warn(linker_messages)]` on by default
  = note: the `linker_messages` lint ignores `-D warnings`

warning: `nautilus-hyperliquid` (bin "hyperliquid-ws-exec") generated 1 warning
warning: `nautilus-hyperliquid` (bin "hyperliquid-http-public") generated 1 warning
warning: `nautilus-hyperliquid` (bin "hyperliquid-builder-fee-approve") generated 1 warning
warning: `nautilus-hyperliquid` (bin "hyperliquid-http-exec") generated 1 warning
warning: `nautilus-hyperliquid` (bin "hyperliquid-http-private") generated 1 warning
warning: `nautilus-hyperliquid` (bin "hyperliquid-flatten") generated 1 warning
warning: `nautilus-hyperliquid` (bin "hyperliquid-capture-test-data") generated 1 warning
warning: `nautilus-hyperliquid` (bin "hyperliquid-ws-data") generated 1 warning
warning: `nautilus-hyperliquid` (bin "hyperliquid-builder-fee-revoke") generated 1 warning
warning: `nautilus-hyperliquid` (bin "hyperliquid-http-user-outcome") generated 1 warning
warning: `nautilus-hyperliquid` (bin "hyperliquid-http-outcome-order") generated 1 warning
   Compiling nautilus-hyperliquid v0.63.0 (E:\persarb\worktrees\entropy-startup-account-proof\crates\adapters\hyperliquid)
warning: linker stdout: 正在创建库 E:\persarb\nautilus_trader\target\nextest\deps\entropy_account-69bad49fe9dc76e8.lib 和对象 E:\persarb\nautilus_trader\target\nextest\deps\entropy_account-69bad49fe9dc76e8.exp
  |
  = note: `#[warn(linker_messages)]` on by default
  = note: the `linker_messages` lint ignores `-D warnings`

warning: `nautilus-hyperliquid` (test "entropy_account") generated 1 warning
    Finished `nextest` profile [unoptimized] target(s) in 3.31s
     Running tests\entropy_account.rs (E:/persarb/nautilus_trader/target\nextest\deps\entropy_account-69bad49fe9dc76e8.exe)

running 3 tests
test execution::startup_source_reuse::selected_http_row_counterproof_without_cache_mutation_refuses_startup::case_1 ... FAILED
test execution::startup_source_reuse::selected_http_row_counterproof_without_cache_mutation_refuses_startup::case_2 ... FAILED
test execution::startup_source_reuse::selected_http_row_counterproof_without_cache_mutation_refuses_startup::case_3 ... FAILED

failures:

---- execution::startup_source_reuse::selected_http_row_counterproof_without_cache_mutation_refuses_startup::case_1 stdout ----

thread 'execution::startup_source_reuse::selected_http_row_counterproof_without_cache_mutation_refuses_startup::case_1' (22816) panicked at crates\adapters\hyperliquid\tests\entropy_account\startup_source_reuse.rs:615:5:
actual selected HTTP counterproof admitted startup: field=szDecimals, response={"universe":[{"name":"io:SNDK","szDecimals":5,"maxLeverage":10,"onlyIsolated":true,"marginMode":"strictIsolated"}],"collateralToken":0}, scope={"policy":{"schema_version":1,"strategy_id":"ENTROPY-001","journal_path":"C:\\Users\\myron\\AppData\\Local\\Temp\\.tmpoEwfIm\\io-intents.jsonl","max_order_notional":"100","max_gross_notional":"200","max_open_orders":2,"max_actions":16,"max_leverage":1,"margin_buffer":"5","fee_buffer_bps":"10","action_timeout_ms":2000,"recovery_timeout_ms":3000,"recovery_max_attempts":2,"recovery_retry_delay_ms":10,"metadata_max_age_ms":30000,"symbols":[{"instrument_id":"io:SNDK-USD-PERP.HYPERLIQUID","max_quantity":"1","min_price":"95","max_price":"105"}]},"account":{"dex":"io","address":"0xc96aaa54e2d44c299564da76e1cd3184a2386b8d","account_mode":"standard_disabled_inferred","collateral_token_id":"0x6d1e7cde53ba9467b783cb7c530ce054","balance":"100","equity":"100","withdrawable":"100","used":"0","free":"100","total_maintenance":null,"positions":[],"http_source_time_ms":1791538151484,"http_received_time_ms":1791538151484,"http_verification_started_time_ms":1791538151483,"private_stream_epoch":0,"ws_received_time_ms":1791538151475,"ws_source_time_ms":null,"trusted":true,"flat":true,"diagnostic":"Complete bounded io HTTP proof and matching private stream; WS source time may be unknown","provenance":"Explicit io REST request scope; marginSummary includes isolated positions; disabled-to-standard is an SDK-supported inference; mode/role/collateral requests are not atomic; WS source time is not synthesized"},"startup_account_source":null,"startup_private_ingress":{"generation":1,"epoch":0,"received_sequence":5,"is_applied":true},"latest_private_funds":{"free":"100","withdrawable":"100","received_time_ms":1791538151475,"source_time_ms":null},"metadata":{"io:SNDK-USD-PERP.HYPERLIQUID":{"instrument_id":"io:SNDK-USD-PERP.HYPERLIQUID","coin":"io:SNDK","asset":110000,"dex_index":1,"universe_index":0,"size_decimals":4,"margin_mode":"strictIsolated","actual_leverage":1,"received_ms":1791538151468,"verification_started_ms":1791538151468,"user_asset_source_time_ms":null,"max_trade_sizes":["1","1"],"available_to_trade":["100","100"],"mark_price":"100"}},"warm_metadata_origin":{"generation":1,"epoch":0,"hard_revision":1,"selected_rows":{"io:SNDK-USD-PERP.HYPERLIQUID":{"name":"io:SNDK","szDecimals":4,"maxLeverage":10,"onlyIsolated":true,"marginMode":"strictIsolated"}},"native_http":{"io:SNDK-USD-PERP.HYPERLIQUID":{"CryptoPerpetual":{"id":"io:SNDK-USD-PERP.HYPERLIQUID","raw_symbol":"io:SNDK","base_currency":"io:SNDK","quote_currency":"USD","settlement_currency":"USDC","is_inverse":false,"price_precision":2,"size_precision":4,"price_increment":"0.01","size_increment":"0.0001","multiplier":"1","lot_size":"1","margin_init":"0","margin_maint":"0","maker_fee":"0","taker_fee":"0","max_quantity":null,"min_quantity":null,"max_notional":null,"min_notional":"10.00 USD","max_price":null,"min_price":null,"tick_scheme":null,"info":null,"ts_event":1791538151447135300,"ts_init":1791538151447135300}}},"native_instruments":{"io:SNDK-USD-PERP.HYPERLIQUID":[{"CryptoPerpetual":{"id":"io:SNDK-USD-PERP.HYPERLIQUID","raw_symbol":"io:SNDK","base_currency":"io:SNDK","quote_currency":"USD","settlement_currency":"USDC","is_inverse":false,"price_precision":2,"size_precision":4,"price_increment":"0.01","size_increment":"0.0001","multiplier":"1","lot_size":"1","margin_init":"0","margin_maint":"0","maker_fee":"0","taker_fee":"0","max_quantity":null,"min_quantity":null,"max_notional":null,"min_notional":"10.00 USD","max_price":null,"min_price":null,"tick_scheme":null,"info":null,"ts_event":1791538151447135300,"ts_init":1791538151447135300}},{"CryptoPerpetual":{"id":"io:SNDK-USD-PERP.HYPERLIQUID","raw_symbol":"io:SNDK","base_currency":"io:SNDK","quote_currency":"USD","settlement_currency":"USDC","is_inverse":false,"price_precision":2,"size_precision":4,"price_increment":"0.01","size_increment":"0.0001","multiplier":"1","lot_size":"1","margin_init":"0","margin_maint":"0","maker_fee":"0","taker_fee":"0","max_quantity":null,"min_quantity":null,"max_notional":null,"min_notional":"10.00 USD","max_price":null,"min_price":null,"tick_scheme":null,"info":null,"ts_event":1791538151444703300,"ts_init":1791538151444703300}}]}},"query_in_flight":false,"query_token":null,"query_completed":0,"last_query_warm":false,"recovery_source_debt":null,"recovery_complete":true,"recovered_epoch":0,"diagnostic":"Complete bounded owned io recovery for HYPERLIQUID-ENTROPY; REST requests are non-atomic; leverage proof source time unknown","journal_tainted":false,"fresh_journal_origin":true,"native_projection_recovery_required":false,"actions":0,"owned_intents":{},"actual_fills":{},"margin_basis":"conservative full-notional entry estimate using minimum HTTP/private free and withdrawable; isolated total maintenance unknown; non-atomic source observations","user_asset_source_time_ms":null}, requests=[Object {"type": String("userRole"), "user": String("0xc96aaa54e2d44c299564da76e1cd3184a2386b8d")}, Object {"type": String("userAbstraction"), "user": String("0xc96aaa54e2d44c299564da76e1cd3184a2386b8d")}, Object {"type": String("userDexAbstraction"), "user": String("0xc96aaa54e2d44c299564da76e1cd3184a2386b8d")}, Object {"type": String("meta"), "dex": String("io")}, Object {"type": String("spotMeta")}, Object {"type": String("clearinghouseState"), "user": String("0xc96aaa54e2d44c299564da76e1cd3184a2386b8d"), "dex": String("io")}, Object {"type": String("userAbstraction"), "user": String("0xc96aaa54e2d44c299564da76e1cd3184a2386b8d")}, Object {"type": String("userDexAbstraction"), "user": String("0xc96aaa54e2d44c299564da76e1cd3184a2386b8d")}, Object {"type": String("frontendOpenOrders"), "user": String("0xc96aaa54e2d44c299564da76e1cd3184a2386b8d"), "dex": String("io")}, Object {"type": String("userFills"), "user": String("0xc96aaa54e2d44c299564da76e1cd3184a2386b8d")}, Object {"type": String("historicalOrders"), "user": String("0xc96aaa54e2d44c299564da76e1cd3184a2386b8d")}]
note: run with `RUST_BACKTRACE=1` environment variable to display a backtrace

---- execution::startup_source_reuse::selected_http_row_counterproof_without_cache_mutation_refuses_startup::case_2 stdout ----

thread 'execution::startup_source_reuse::selected_http_row_counterproof_without_cache_mutation_refuses_startup::case_2' (54692) panicked at crates\adapters\hyperliquid\tests\entropy_account\startup_source_reuse.rs:615:5:
actual selected HTTP counterproof admitted startup: field=onlyIsolated, response={"universe":[{"name":"io:SNDK","szDecimals":4,"maxLeverage":10,"onlyIsolated":false,"marginMode":"strictIsolated"}],"collateralToken":0}, scope={"policy":{"schema_version":1,"strategy_id":"ENTROPY-001","journal_path":"C:\\Users\\myron\\AppData\\Local\\Temp\\.tmp1fRQMX\\io-intents.jsonl","max_order_notional":"100","max_gross_notional":"200","max_open_orders":2,"max_actions":16,"max_leverage":1,"margin_buffer":"5","fee_buffer_bps":"10","action_timeout_ms":2000,"recovery_timeout_ms":3000,"recovery_max_attempts":2,"recovery_retry_delay_ms":10,"metadata_max_age_ms":30000,"symbols":[{"instrument_id":"io:SNDK-USD-PERP.HYPERLIQUID","max_quantity":"1","min_price":"95","max_price":"105"}]},"account":{"dex":"io","address":"0xc96aaa54e2d44c299564da76e1cd3184a2386b8d","account_mode":"standard_disabled_inferred","collateral_token_id":"0x6d1e7cde53ba9467b783cb7c530ce054","balance":"100","equity":"100","withdrawable":"100","used":"0","free":"100","total_maintenance":null,"positions":[],"http_source_time_ms":1791538151531,"http_received_time_ms":1791538151531,"http_verification_started_time_ms":1791538151530,"private_stream_epoch":0,"ws_received_time_ms":1791538151521,"ws_source_time_ms":null,"trusted":true,"flat":true,"diagnostic":"Complete bounded io HTTP proof and matching private stream; WS source time may be unknown","provenance":"Explicit io REST request scope; marginSummary includes isolated positions; disabled-to-standard is an SDK-supported inference; mode/role/collateral requests are not atomic; WS source time is not synthesized"},"startup_account_source":null,"startup_private_ingress":{"generation":1,"epoch":0,"received_sequence":5,"is_applied":true},"latest_private_funds":{"free":"100","withdrawable":"100","received_time_ms":1791538151521,"source_time_ms":null},"metadata":{"io:SNDK-USD-PERP.HYPERLIQUID":{"instrument_id":"io:SNDK-USD-PERP.HYPERLIQUID","coin":"io:SNDK","asset":110000,"dex_index":1,"universe_index":0,"size_decimals":4,"margin_mode":"strictIsolated","actual_leverage":1,"received_ms":1791538151515,"verification_started_ms":1791538151514,"user_asset_source_time_ms":null,"max_trade_sizes":["1","1"],"available_to_trade":["100","100"],"mark_price":"100"}},"warm_metadata_origin":{"generation":1,"epoch":0,"hard_revision":1,"selected_rows":{"io:SNDK-USD-PERP.HYPERLIQUID":{"name":"io:SNDK","szDecimals":4,"maxLeverage":10,"onlyIsolated":true,"marginMode":"strictIsolated"}},"native_http":{"io:SNDK-USD-PERP.HYPERLIQUID":{"CryptoPerpetual":{"id":"io:SNDK-USD-PERP.HYPERLIQUID","raw_symbol":"io:SNDK","base_currency":"io:SNDK","quote_currency":"USD","settlement_currency":"USDC","is_inverse":false,"price_precision":2,"size_precision":4,"price_increment":"0.01","size_increment":"0.0001","multiplier":"1","lot_size":"1","margin_init":"0","margin_maint":"0","maker_fee":"0","taker_fee":"0","max_quantity":null,"min_quantity":null,"max_notional":null,"min_notional":"10.00 USD","max_price":null,"min_price":null,"tick_scheme":null,"info":null,"ts_event":1791538151489832300,"ts_init":1791538151489832300}}},"native_instruments":{"io:SNDK-USD-PERP.HYPERLIQUID":[{"CryptoPerpetual":{"id":"io:SNDK-USD-PERP.HYPERLIQUID","raw_symbol":"io:SNDK","base_currency":"io:SNDK","quote_currency":"USD","settlement_currency":"USDC","is_inverse":false,"price_precision":2,"size_precision":4,"price_increment":"0.01","size_increment":"0.0001","multiplier":"1","lot_size":"1","margin_init":"0","margin_maint":"0","maker_fee":"0","taker_fee":"0","max_quantity":null,"min_quantity":null,"max_notional":null,"min_notional":"10.00 USD","max_price":null,"min_price":null,"tick_scheme":null,"info":null,"ts_event":1791538151489832300,"ts_init":1791538151489832300}},{"CryptoPerpetual":{"id":"io:SNDK-USD-PERP.HYPERLIQUID","raw_symbol":"io:SNDK","base_currency":"io:SNDK","quote_currency":"USD","settlement_currency":"USDC","is_inverse":false,"price_precision":2,"size_precision":4,"price_increment":"0.01","size_increment":"0.0001","multiplier":"1","lot_size":"1","margin_init":"0","margin_maint":"0","maker_fee":"0","taker_fee":"0","max_quantity":null,"min_quantity":null,"max_notional":null,"min_notional":"10.00 USD","max_price":null,"min_price":null,"tick_scheme":null,"info":null,"ts_event":1791538151488485500,"ts_init":1791538151488485500}}]}},"query_in_flight":false,"query_token":null,"query_completed":0,"last_query_warm":false,"recovery_source_debt":null,"recovery_complete":true,"recovered_epoch":0,"diagnostic":"Complete bounded owned io recovery for HYPERLIQUID-ENTROPY; REST requests are non-atomic; leverage proof source time unknown","journal_tainted":false,"fresh_journal_origin":true,"native_projection_recovery_required":false,"actions":0,"owned_intents":{},"actual_fills":{},"margin_basis":"conservative full-notional entry estimate using minimum HTTP/private free and withdrawable; isolated total maintenance unknown; non-atomic source observations","user_asset_source_time_ms":null}, requests=[Object {"type": String("userRole"), "user": String("0xc96aaa54e2d44c299564da76e1cd3184a2386b8d")}, Object {"type": String("userAbstraction"), "user": String("0xc96aaa54e2d44c299564da76e1cd3184a2386b8d")}, Object {"type": String("userDexAbstraction"), "user": String("0xc96aaa54e2d44c299564da76e1cd3184a2386b8d")}, Object {"type": String("meta"), "dex": String("io")}, Object {"type": String("spotMeta")}, Object {"type": String("clearinghouseState"), "user": String("0xc96aaa54e2d44c299564da76e1cd3184a2386b8d"), "dex": String("io")}, Object {"type": String("userAbstraction"), "user": String("0xc96aaa54e2d44c299564da76e1cd3184a2386b8d")}, Object {"type": String("userDexAbstraction"), "user": String("0xc96aaa54e2d44c299564da76e1cd3184a2386b8d")}, Object {"type": String("frontendOpenOrders"), "user": String("0xc96aaa54e2d44c299564da76e1cd3184a2386b8d"), "dex": String("io")}, Object {"type": String("userFills"), "user": String("0xc96aaa54e2d44c299564da76e1cd3184a2386b8d")}, Object {"type": String("historicalOrders"), "user": String("0xc96aaa54e2d44c299564da76e1cd3184a2386b8d")}]

---- execution::startup_source_reuse::selected_http_row_counterproof_without_cache_mutation_refuses_startup::case_3 stdout ----

thread 'execution::startup_source_reuse::selected_http_row_counterproof_without_cache_mutation_refuses_startup::case_3' (6936) panicked at crates\adapters\hyperliquid\tests\entropy_account\startup_source_reuse.rs:615:5:
actual selected HTTP counterproof admitted startup: field=marginMode, response={"universe":[{"name":"io:SNDK","szDecimals":4,"maxLeverage":10,"onlyIsolated":true,"marginMode":"cross"}],"collateralToken":0}, scope={"policy":{"schema_version":1,"strategy_id":"ENTROPY-001","journal_path":"C:\\Users\\myron\\AppData\\Local\\Temp\\.tmp5Q5MLM\\io-intents.jsonl","max_order_notional":"100","max_gross_notional":"200","max_open_orders":2,"max_actions":16,"max_leverage":1,"margin_buffer":"5","fee_buffer_bps":"10","action_timeout_ms":2000,"recovery_timeout_ms":3000,"recovery_max_attempts":2,"recovery_retry_delay_ms":10,"metadata_max_age_ms":30000,"symbols":[{"instrument_id":"io:SNDK-USD-PERP.HYPERLIQUID","max_quantity":"1","min_price":"95","max_price":"105"}]},"account":{"dex":"io","address":"0xc96aaa54e2d44c299564da76e1cd3184a2386b8d","account_mode":"standard_disabled_inferred","collateral_token_id":"0x6d1e7cde53ba9467b783cb7c530ce054","balance":"100","equity":"100","withdrawable":"100","used":"0","free":"100","total_maintenance":null,"positions":[],"http_source_time_ms":1791538151576,"http_received_time_ms":1791538151576,"http_verification_started_time_ms":1791538151575,"private_stream_epoch":0,"ws_received_time_ms":1791538151566,"ws_source_time_ms":null,"trusted":true,"flat":true,"diagnostic":"Complete bounded io HTTP proof and matching private stream; WS source time may be unknown","provenance":"Explicit io REST request scope; marginSummary includes isolated positions; disabled-to-standard is an SDK-supported inference; mode/role/collateral requests are not atomic; WS source time is not synthesized"},"startup_account_source":null,"startup_private_ingress":{"generation":1,"epoch":0,"received_sequence":5,"is_applied":true},"latest_private_funds":{"free":"100","withdrawable":"100","received_time_ms":1791538151566,"source_time_ms":null},"metadata":{"io:SNDK-USD-PERP.HYPERLIQUID":{"instrument_id":"io:SNDK-USD-PERP.HYPERLIQUID","coin":"io:SNDK","asset":110000,"dex_index":1,"universe_index":0,"size_decimals":4,"margin_mode":"strictIsolated","actual_leverage":1,"received_ms":1791538151561,"verification_started_ms":1791538151560,"user_asset_source_time_ms":null,"max_trade_sizes":["1","1"],"available_to_trade":["100","100"],"mark_price":"100"}},"warm_metadata_origin":{"generation":1,"epoch":0,"hard_revision":1,"selected_rows":{"io:SNDK-USD-PERP.HYPERLIQUID":{"name":"io:SNDK","szDecimals":4,"maxLeverage":10,"onlyIsolated":true,"marginMode":"strictIsolated"}},"native_http":{"io:SNDK-USD-PERP.HYPERLIQUID":{"CryptoPerpetual":{"id":"io:SNDK-USD-PERP.HYPERLIQUID","raw_symbol":"io:SNDK","base_currency":"io:SNDK","quote_currency":"USD","settlement_currency":"USDC","is_inverse":false,"price_precision":2,"size_precision":4,"price_increment":"0.01","size_increment":"0.0001","multiplier":"1","lot_size":"1","margin_init":"0","margin_maint":"0","maker_fee":"0","taker_fee":"0","max_quantity":null,"min_quantity":null,"max_notional":null,"min_notional":"10.00 USD","max_price":null,"min_price":null,"tick_scheme":null,"info":null,"ts_event":1791538151536239500,"ts_init":1791538151536239500}}},"native_instruments":{"io:SNDK-USD-PERP.HYPERLIQUID":[{"CryptoPerpetual":{"id":"io:SNDK-USD-PERP.HYPERLIQUID","raw_symbol":"io:SNDK","base_currency":"io:SNDK","quote_currency":"USD","settlement_currency":"USDC","is_inverse":false,"price_precision":2,"size_precision":4,"price_increment":"0.01","size_increment":"0.0001","multiplier":"1","lot_size":"1","margin_init":"0","margin_maint":"0","maker_fee":"0","taker_fee":"0","max_quantity":null,"min_quantity":null,"max_notional":null,"min_notional":"10.00 USD","max_price":null,"min_price":null,"tick_scheme":null,"info":null,"ts_event":1791538151536239500,"ts_init":1791538151536239500}},{"CryptoPerpetual":{"id":"io:SNDK-USD-PERP.HYPERLIQUID","raw_symbol":"io:SNDK","base_currency":"io:SNDK","quote_currency":"USD","settlement_currency":"USDC","is_inverse":false,"price_precision":2,"size_precision":4,"price_increment":"0.01","size_increment":"0.0001","multiplier":"1","lot_size":"1","margin_init":"0","margin_maint":"0","maker_fee":"0","taker_fee":"0","max_quantity":null,"min_quantity":null,"max_notional":null,"min_notional":"10.00 USD","max_price":null,"min_price":null,"tick_scheme":null,"info":null,"ts_event":1791538151535021400,"ts_init":1791538151535021400}}]}},"query_in_flight":false,"query_token":null,"query_completed":0,"last_query_warm":false,"recovery_source_debt":null,"recovery_complete":true,"recovered_epoch":0,"diagnostic":"Complete bounded owned io recovery for HYPERLIQUID-ENTROPY; REST requests are non-atomic; leverage proof source time unknown","journal_tainted":false,"fresh_journal_origin":true,"native_projection_recovery_required":false,"actions":0,"owned_intents":{},"actual_fills":{},"margin_basis":"conservative full-notional entry estimate using minimum HTTP/private free and withdrawable; isolated total maintenance unknown; non-atomic source observations","user_asset_source_time_ms":null}, requests=[Object {"type": String("userRole"), "user": String("0xc96aaa54e2d44c299564da76e1cd3184a2386b8d")}, Object {"type": String("userAbstraction"), "user": String("0xc96aaa54e2d44c299564da76e1cd3184a2386b8d")}, Object {"type": String("userDexAbstraction"), "user": String("0xc96aaa54e2d44c299564da76e1cd3184a2386b8d")}, Object {"type": String("meta"), "dex": String("io")}, Object {"type": String("spotMeta")}, Object {"type": String("clearinghouseState"), "user": String("0xc96aaa54e2d44c299564da76e1cd3184a2386b8d"), "dex": String("io")}, Object {"type": String("userAbstraction"), "user": String("0xc96aaa54e2d44c299564da76e1cd3184a2386b8d")}, Object {"type": String("userDexAbstraction"), "user": String("0xc96aaa54e2d44c299564da76e1cd3184a2386b8d")}, Object {"type": String("frontendOpenOrders"), "user": String("0xc96aaa54e2d44c299564da76e1cd3184a2386b8d"), "dex": String("io")}, Object {"type": String("userFills"), "user": String("0xc96aaa54e2d44c299564da76e1cd3184a2386b8d")}, Object {"type": String("historicalOrders"), "user": String("0xc96aaa54e2d44c299564da76e1cd3184a2386b8d")}]


failures:
    execution::startup_source_reuse::selected_http_row_counterproof_without_cache_mutation_refuses_startup::case_1
    execution::startup_source_reuse::selected_http_row_counterproof_without_cache_mutation_refuses_startup::case_2
    execution::startup_source_reuse::selected_http_row_counterproof_without_cache_mutation_refuses_startup::case_3

test result: FAILED. 0 passed; 3 failed; 0 ignored; 0 measured; 230 filtered out; finished in 0.14s

error: test failed, to rerun pass `-p nautilus-hyperliquid --test entropy_account`
