F                                                                        [100%]
================================== FAILURES ===================================
___________ test_actual_installed_factory_two_leg_execution[paired] ___________

tmp_path = WindowsPath('E:/persarb/_tmp/app43-native113-first-paired-pytest-20261009/test_actual_installed_factory_0')
mode = 'paired'

    @pytest.mark.parametrize(
        "mode",
        [
            "paired",
            "reject",
            "partial",
            "unknown",
            "cleanup_failure",
            "foreign",
            "loss_fee",
        ],
    )
    def test_actual_installed_factory_two_leg_execution(tmp_path, mode):
        wheel = os.environ.get("ENTROPY43_NATIVE_WHEEL")
        sha256 = os.environ.get("ENTROPY43_NATIVE_SHA256")
        provenance = os.environ.get("ENTROPY43_NATIVE_PROVENANCE")
        if not all((wheel, sha256, provenance)):
            pytest.skip(
                "requires an explicitly selected source-bound native Entropy/Aster candidate"
            )
        evidence_root = os.environ.get("ENTROPY43_EVIDENCE_ROOT")
        directory = Path(evidence_root) / mode if evidence_root else tmp_path / mode
        directory.mkdir(parents=True, exist_ok=False)
        command = [
            sys.executable,
            str(Path(__file__).resolve()),
            "--entropy43-child",
            mode,
            str(directory),
            wheel,
            sha256,
            provenance,
        ]
        result = subprocess.run(
            command,
            cwd=ROOT,
            env=_environment(),
            capture_output=True,
            text=True,
            encoding="utf-8",
            errors="replace",
            timeout=55,
            check=False,
        )
        (directory / "child-command.json").write_text(
            json.dumps({"argv": command, "exit_code": result.returncode}, indent=2),
            encoding="utf-8",
        )
        (directory / "child-stdout.log").write_text(result.stdout, encoding="utf-8")
        (directory / "child-stderr.log").write_text(result.stderr, encoding="utf-8")
>       assert result.returncode == 0, result.stdout[-16000:] + result.stderr[-16000:]
E       AssertionError: 609826a7036c', 'source': {'transport': 'accepted_owned_raw_fill', 'received_ms': 1791533018127, 'generation': 1, 'epoch': 0, 'sequence': None, 'snapshot': None, 'request_start_ms': 1791533018126, 'request_end_ms': 1791533018126}, 'fact': {'category': 'fill_fee', 'dex': 'io', 'amount': '0.001', 'currency': 'USDC', 'coin': 'io:SNDK', 'instrument_id': 'io:SNDK-USD-PERP.HYPERLIQUID', 'venue_time_ms': 1791533018126, 'event_hash': '0x000000000000000000000000000000000000000000000000000000000000ea60', 'components': {'builderFee': '0.0002', 'closedPnl': '0', 'oid': '70001', 'px': '100', 'side': 'B', 'startPosition': '0', 'sz': '0.12', 'tid': '60000'}, 'native_applied': 'Unknown'}, 'receipt_key': '0x464b7cc403925ee6e8a222170dff2bb5d68be2635f8045b62dd420a3f703706a', 'effect_bucket': None, 'financial_digest': '0xde713492dd38505b768b5df12a1227d9525f943af47d3146f17b9573e375ade9', 'identity_quality': 'EvidencedLocalComposite', 'diagnostic': 'Actual fee report only; builder fee already included; strategy/native durable application remains Unknown', 'ownership_basis': 'AcceptedOwnedRaw; native durable application Unknown', 'scope_evidence': {'actual_user': '0xc96aaa54e2d44c299564da76e1cd3184a2386b8d', 'dex': 'io', 'mode': 'standard_disabled_inferred', 'collateral_token_id': '0x6d1e7cde53ba9467b783cb7c530ce054', 'trusted': True, 'attribution_verified': True, 'private_stream_epoch': 0, 'verified_instruments': ['io:SNDK-USD-PERP.HYPERLIQUID']}}}, 'raw_envelopes': {'0x72f967aa05218c31355ec3c2fb15d573635c800d29597e2088ac609826a7036c': '[{"coin":"io:SNDK","oid":70001,"tid":60000,"time":1791533018126,"side":"B","sz":"0.12","px":"100","fee":"0.001","feeToken":"USDC","startPosition":"0","closedPnl":"0","hash":"0x000000000000000000000000000000000000000000000000000000000000ea60","builderFee":"0.0002"}]', '0xecc5afe145cee5b1cfdea630ca0c76c7719081d6de5417a50e795f365a8d47bf': '{"channel": "user", "data": {"fills": [{"coin": "io:SNDK", "px": "100", "sz": "0.12", "side": "B", "time": 1791533018126, "startPosition": "0", "dir": "Open Long", "closedPnl": "0", "hash": "0x000000000000000000000000000000000000000000000000000000000000ea60", "oid": 70001, "crossed": true, "fee": "0.001", "builderFee": "0.0002", "tid": 60000, "feeToken": "USDC", "cloid": "0x765fde8d8d4a9ae99a37a1f3deb3a35e"}]}}'}, 'coverage': [{'generation': 1, 'epoch': 0, 'endpoint': 'userFunding', 'start_ms': 1791533016146, 'end_ms': 1791533017721, 'pages': 1, 'records': 0, 'complete': True, 'diagnostic': 'Requested finite pagination window terminated; venue retention remains Unknown'}, {'generation': 1, 'epoch': 0, 'endpoint': 'userNonFundingLedgerUpdates', 'start_ms': 1791533016146, 'end_ms': 1791533017721, 'pages': 1, 'records': 0, 'complete': True, 'diagnostic': 'Requested finite pagination window terminated; venue retention remains Unknown'}], 'report': {'funding_usdc': '0', 'actual_fee_usdc': '0.001', 'receipts': {'0x464b7cc403925ee6e8a222170dff2bb5d68be2635f8045b62dd420a3f703706a': {'key': '0x464b7cc403925ee6e8a222170dff2bb5d68be2635f8045b62dd420a3f703706a', 'financial_digest': '0xde713492dd38505b768b5df12a1227d9525f943af47d3146f17b9573e375ade9', 'observation_id': 'observation-1', 'source_seq': 1, 'consumer_id': '0xf7da56d4c159fd426c85fb90ecdd6e81529b6da9cb6f2844a742374975733b88', 'consumed_revision': 7}}, 'consumed_observations': ['observation-1', 'observation-2'], 'unknown_observations': []}, 'pending': 0, 'durable_receipts': 1, 'consumed_observations': 2, 'financial_identity_complete': True, 'recognized_amount_basis': 'immutable locally recognized receipt history; unresolved at consumption excluded; later conflicts retain historical totals and remain Unknown', 'coverage_record_limit': 24, 'retention': 'Unknown', 'native_applied': 'Unknown', 'balance_adjustment': False, 'native_cache_recovery': False}, 'account_flat_verified': 'Unknown', 'aster_actual_funding': 'Unknown', 'economics_complete': False, 'events': 65, 'event_bytes': 205742, 'native_selected_scopes': {'entropy': {'policy': {'schema_version': 1, 'strategy_id': 'ENTROPY-043', 'journal_path': 'E:\\persarb\\_tmp\\app43-native113-first-paired-20261009\\paired\\native-io-intents.jsonl', 'max_order_notional': '20', 'max_gross_notional': '40', 'max_open_orders': 2, 'max_actions': 6, 'max_leverage': 1, 'margin_buffer': '1', 'fee_buffer_bps': '100', 'action_timeout_ms': 2000, 'recovery_timeout_ms': 3000, 'recovery_max_attempts': 2, 'recovery_retry_delay_ms': 10, 'metadata_max_age_ms': 30000, 'symbols': [{'instrument_id': 'io:SNDK-USD-PERP.HYPERLIQUID', 'max_quantity': '0.12', 'min_price': '95', 'max_price': '105'}]}, 'account': {'dex': 'io', 'address': '0xc96aaa54e2d44c299564da76e1cd3184a2386b8d', 'account_mode': 'standard_disabled_inferred', 'collateral_token_id': '0x6d1e7cde53ba9467b783cb7c530ce054', 'balance': '100', 'equity': '100', 'withdrawable': '100', 'used': '0', 'free': '100', 'total_maintenance': None, 'positions': [], 'http_source_time_ms': 1791533017758, 'http_received_time_ms': 1791533017759, 'http_verification_started_time_ms': 1791533017754, 'private_stream_epoch': 0, 'ws_received_time_ms': 1791533032380, 'ws_source_time_ms': 1791533032380, 'trusted': False, 'flat': None, 'diagnostic': 'io bounded warm account query is pending', 'provenance': 'Explicit io REST request scope; marginSummary includes isolated positions; disabled-to-standard is an SDK-supported inference; mode/role/collateral requests are not atomic; WS source time is not synthesized'}, 'latest_private_funds': {'free': '100', 'withdrawable': '100', 'received_time_ms': 1791533032380, 'source_time_ms': 1791533032380}, 'metadata': {'io:SNDK-USD-PERP.HYPERLIQUID': {'instrument_id': 'io:SNDK-USD-PERP.HYPERLIQUID', 'coin': 'io:SNDK', 'asset': 110000, 'dex_index': 1, 'universe_index': 0, 'size_decimals': 4, 'margin_mode': 'strictIsolated', 'actual_leverage': 1, 'received_ms': 1791533017711, 'verification_started_ms': 1791533017707, 'user_asset_source_time_ms': None, 'max_trade_sizes': ['1', '1'], 'available_to_trade': ['100', '100'], 'mark_price': '100'}}, 'warm_metadata_origin': None, 'query_in_flight': False, 'query_token': None, 'query_completed': 1, 'last_query_warm': True, 'recovery_source_debt': {'kind': 'unknown_sources', 'identity': {'query_token': 6, 'generation': 1, 'epoch': 0, 'received_sequence': 9, 'account_id': 'HYPERLIQUID-ENTROPY43', 'address': '0xc96aaa54e2d44c299564da76e1cd3184a2386b8d', 'policy': {'schema_version': 1, 'strategy_id': 'ENTROPY-043', 'journal_path': 'E:\\persarb\\_tmp\\app43-native113-first-paired-20261009\\paired\\native-io-intents.jsonl', 'max_order_notional': '20', 'max_gross_notional': '40', 'max_open_orders': 2, 'max_actions': 6, 'max_leverage': 1, 'margin_buffer': '1', 'fee_buffer_bps': '100', 'action_timeout_ms': 2000, 'recovery_timeout_ms': 3000, 'recovery_max_attempts': 2, 'recovery_retry_delay_ms': 10, 'metadata_max_age_ms': 30000, 'symbols': [{'instrument_id': 'io:SNDK-USD-PERP.HYPERLIQUID', 'max_quantity': '0.12', 'min_price': '95', 'max_price': '105'}]}}, 'original_sources': [{'request_json': '{"type":"frontendOpenOrders","user":"0xc96aaa54e2d44c299564da76e1cd3184a2386b8d","dex":"io"}', 'received_ms': 1791533018184, 'raw_text': '[]'}, {'request_json': '{"type":"userFills","user":"0xc96aaa54e2d44c299564da76e1cd3184a2386b8d"}', 'received_ms': 1791533018185, 'raw_text': '[{"coin":"io:SNDK","px":"100","sz":"0.12","side":"B","time":1791533018126,"startPosition":"0","dir":"Open Long","closedPnl":"0","hash":"0x000000000000000000000000000000000000000000000000000000000000ea60","oid":70001,"crossed":true,"fee":"0.001","builderFee":"0.0002","tid":60000,"feeToken":"USDC","cloid":"0x765fde8d8d4a9ae99a37a1f3deb3a35e"}]'}, {'request_json': '{"type":"orderStatus","user":"0xc96aaa54e2d44c299564da76e1cd3184a2386b8d","oid":"0x765fde8d8d4a9ae99a37a1f3deb3a35e"}', 'received_ms': 1791533018185, 'raw_text': '{"status":"order","order":{"order":{"coin":"io:SNDK","side":"B","limitPx":"100","sz":"0","origSz":"0.12","oid":70001,"timestamp":1791533017975,"cloid":"0x765fde8d8d4a9ae99a37a1f3deb3a35e","reduceOnly":false,"orderType":"Limit","tif":"Ioc"},"status":"filled","statusTimestamp":1791533017975}}'}, {'request_json': '{"type":"userRole","user":"0xc96aaa54e2d44c299564da76e1cd3184a2386b8d"}', 'received_ms': 1791533018186, 'raw_text': '{"role":"user"}'}, {'request_json': '{"type":"userAbstraction","user":"0xc96aaa54e2d44c299564da76e1cd3184a2386b8d"}', 'received_ms': 1791533018186, 'raw_text': '"disabled"'}, {'request_json': '{"type":"userDexAbstraction","user":"0xc96aaa54e2d44c299564da76e1cd3184a2386b8d"}', 'received_ms': 1791533018187, 'raw_text': 'false'}, {'request_json': '{"type":"meta","dex":"io"}', 'received_ms': 1791533018187, 'raw_text': '{"universe":[{"name":"io:SNDK","szDecimals":4,"maxLeverage":10,"onlyIsolated":true,"marginMode":"strictIsolated"}],"collateralToken":0}'}, {'request_json': '{"type":"spotMeta"}', 'received_ms': 1791533018188, 'raw_text': '{"universe":[],"tokens":[{"name":"USDC","index":0,"szDecimals":8,"weiDecimals":8,"tokenId":"0x6d1e7cde53ba9467b783cb7c530ce054","isCanonical":true,"fullName":"USD Coin"}]}'}, {'request_json': '{"type":"clearinghouseState","user":"0xc96aaa54e2d44c299564da76e1cd3184a2386b8d","dex":"io"}', 'received_ms': 1791533018299, 'raw_text': '{"marginSummary":{"accountValue":"100","totalNtlPos":"12.00","totalRawUsd":"100","totalMarginUsed":"0"},"crossMarginSummary":{"accountValue":"0","totalNtlPos":"0","totalRawUsd":"0","totalMarginUsed":"0"},"crossMaintenanceMarginUsed":"0","withdrawable":"100","assetPositions":[{"type":"oneWay","position":{"coin":"io:SNDK","szi":"0.12","marginUsed":"0","leverage":{"type":"isolated","value":1},"cumFunding":{"allTime":"0","sinceOpen":"0","sinceChange":"0"},"entryPx":"100","liquidationPx":null,"maxLeverage":10,"positionValue":"12.00","returnOnEquity":"0","unrealizedPnl":"0"}}],"time":1791533018298}'}, {'request_json': '{"type":"userAbstraction","user":"0xc96aaa54e2d44c299564da76e1cd3184a2386b8d"}', 'received_ms': 1791533019297, 'raw_text': '"disabled"'}, {'request_json': '{"type":"userDexAbstraction","user":"0xc96aaa54e2d44c299564da76e1cd3184a2386b8d"}', 'received_ms': 1791533020294, 'raw_text': 'false'}], 'unavailable_sources': []}, 'recovery_complete': False, 'recovered_epoch': 0, 'diagnostic': 'io warm RecoveryIncomplete: io account proof source or verification interval is stale', 'journal_tainted': False, 'fresh_journal_origin': True, 'native_projection_recovery_required': True, 'actions': 1, 'owned_intents': {'ENTROPY43_LOCAL-entropy-1': {'client_order_id': 'ENTROPY43_LOCAL-entropy-1', 'instrument_id': 'io:SNDK-USD-PERP.HYPERLIQUID', 'coin': 'io:SNDK', 'cloid': '0x765fde8d8d4a9ae99a37a1f3deb3a35e', 'oid': 70001, 'is_buy': True, 'reduce_only': False, 'tif': 'Ioc', 'quantity': '0.12', 'price': '100.00', 'filled': '0.12', 'reservation': '12.7260', 'phase': 'terminal_pending', 'created_ms': 1791533017973, 'terminal_time_ms': 1791533018126, 'cancel_pending': False, 'cancel_action_token': None, 'signed_binding': {'action_token': 1, 'post_id': 1, 'epoch': 0, 'connection_generation': 1, 'nonce': 1791533017974, 'expires_after': 1791533019972, 'signed_at_ms': 1791533017974, 'action_digest': '0x8fe207ef2ddafe4fae67f5b51d77e155254861fb00a4790dd39e162f24e95f01', 'signed_payload_digest': '0x94c410011a2ad350ba0121beec2ddaf57f7a4fdad109b35db93029811d028a62', 'frame_digest': '0xccfb5075d0b7873064a86abbc80bcd670f598ffdd15eca1284a8d31c088877e4'}, 'diagnostic': 'Aggregate placement evidence lacks actual trade IDs/fees; do not manufacture fills'}}, 'actual_fills': {'io:SNDK:70001:60000': {'coin': 'io:SNDK', 'oid': 70001, 'tid': 60000, 'time': 1791533018126, 'is_buy': True, 'quantity': '0.12', 'price': '100', 'fee': '0.001', 'fee_token': 'USDC', 'start_position': '0', 'closed_pnl': '0', 'hash': '0x000000000000000000000000000000000000000000000000000000000000ea60', 'builder_fee': '0.0002'}}, 'margin_basis': 'conservative full-notional entry estimate using minimum HTTP/private free and withdrawable; isolated total maintenance unknown; non-atomic source observations', 'user_asset_source_time_ms': None}, 'aster': {'schema_version': 1, 'account_id': 'ASTER-ENTROPY43', 'venue': 'ASTER', 'user_address': '0xc96aaa54e2d44c299564da76e1cd3184a2386b8d', 'signer_address': '0xc96aaa54e2d44c299564da76e1cd3184a2386b8d', 'source_endpoint': 'http://127.0.0.1:11440', 'generation': 32, 'phase': 'ready', 'ready': True, 'trusted': True, 'stream_live': True, 'mode_verified': True, 'recovery_complete': True, 'fill_chronology_debt': False, 'whole_account_verified': False, 'run_ownership_verified': False, 'funding_verified': False, 'source': 'native_http_selected_scope', 'source_time_ns': None, 'source_time_origin': 'venue_does_not_supply_snapshot_time', 'received_time_ns': 1791533031885950000, 'max_age_ms': 2000, 'instrument_ids': ['SNDKUSD1-PERP.ASTER'], 'balance_asset': 'USD1', 'positions': [{'instrument_id': 'SNDKUSD1-PERP.ASTER', 'signed_quantity': '0', 'source_update_time_ms': 1791533031886}], 'balance': {'asset': 'USD1', 'total': '100', 'free': '100', 'source_update_time_ms': 1791533031886}, 'open_orders': [], 'reason': None}}, 'current_projection_witnesses': {'entropy': {'account_id': 'HYPERLIQUID-ENTROPY43', 'instrument_id': 'io:SNDK-USD-PERP.HYPERLIQUID', 'strategy_id': 'ENTROPY-043', 'signed_quantity': '0', 'portfolio_signed_quantity': '0', 'ordinary_order_count': 0, 'ordinary_position_count': 0, 'actual_fill_count': 0, 'cold_native_cache_restore_verified': False, 'whole_account_verified': False, 'verified': True, 'scope_sha256': '870baa5f67bd2eae5e2726265cfa241d28002f41067bdee63514ce6447220990', 'observed_at_ns': 1791533017970861500, 'native_scope_received_ns': 1791533017759000000}, 'aster': {'account_id': 'ASTER-ENTROPY43', 'instrument_id': 'SNDKUSD1-PERP.ASTER', 'strategy_id': 'ENTROPY-043', 'signed_quantity': '0', 'portfolio_signed_quantity': '0', 'ordinary_order_count': 0, 'ordinary_position_count': 0, 'actual_fill_count': 0, 'cold_native_cache_restore_verified': False, 'whole_account_verified': False, 'verified': True, 'scope_sha256': '701ba4ba7fbda6191b47934a1745e0d9b8d67c22c9da3245714d9c0645b052fe', 'observed_at_ns': 1791533032770637100, 'native_scope_received_ns': 1791533031885950000}}, 'initial_selected_flat_projection': {'entropy': {'account_id': 'HYPERLIQUID-ENTROPY43', 'instrument_id': 'io:SNDK-USD-PERP.HYPERLIQUID', 'strategy_id': 'ENTROPY-043', 'signed_quantity': '0', 'portfolio_signed_quantity': '0', 'ordinary_order_count': 0, 'ordinary_position_count': 0, 'actual_fill_count': 0, 'cold_native_cache_restore_verified': False, 'whole_account_verified': False, 'verified': True, 'scope_sha256': '870baa5f67bd2eae5e2726265cfa241d28002f41067bdee63514ce6447220990', 'observed_at_ns': 1791533017878370700, 'native_scope_received_ns': 1791533017759000000}, 'aster': {'account_id': 'ASTER-ENTROPY43', 'instrument_id': 'SNDKUSD1-PERP.ASTER', 'strategy_id': 'ENTROPY-043', 'signed_quantity': '0', 'portfolio_signed_quantity': '0', 'ordinary_order_count': 0, 'ordinary_position_count': 0, 'actual_fill_count': 0, 'cold_native_cache_restore_verified': False, 'whole_account_verified': False, 'verified': True, 'scope_sha256': '86d756ebb6855493f3f0119773cc7a347ae1d356bcf28971be180a97d5200fca', 'observed_at_ns': 1791533017970861500, 'native_scope_received_ns': 1791533017885058100}}, 'unattributed_native_events': [], 'durable_cold_native_cache_restore_verified': False, 'native_cache_positions': {'entropy': ['Position(LONG 0.1200 io:SNDK-USD-PERP.HYPERLIQUID, id=io:SNDK-USD-PERP.HYPERLIQUID-ENTROPY-043)'], 'aster': []}, 'native_portfolio_net_positions': {'entropy': '0.12', 'aster': '0'}, 'economic_flags': {'orders_terminal': True, 'owned_flat_verified': 'Unknown', 'account_flat_verified': 'Unknown', 'current_projection_verified': 'Unknown', 'native_cache_recovery': 'Unknown', 'shutdown_verified': True, 'economic_identity_complete': True, 'history_coverage_complete': True, 'fill_fee_attribution_complete': True, 'run_attribution_complete': 'Unknown', 'economics_complete': 'Unknown'}}
E         
E       assert 1 == 0
E        +  where 1 = CompletedProcess(args=['E:\\persarb\\worktrees\\entropy-execution-app\\.venv\\Scripts\\python.exe', 'E:\\persarb\\work..._fee_attribution_complete\': True, \'run_attribution_complete\': \'Unknown\', \'economics_complete\': \'Unknown\'}}\n').returncode

tests\test_entropy_execution_native.py:313: AssertionError
=========================== short test summary info ===========================
FAILED tests/test_entropy_execution_native.py::test_actual_installed_factory_two_leg_execution[paired]
1 failed in 18.43s
