
Total: 0 doc comments updated
   Compiling nautilus-core v0.63.0 (E:\persarb\worktrees\entropy-io-recovery\crates\core)
   Compiling pyo3-ffi v0.29.2
   Compiling nautilus-common v0.63.0 (E:\persarb\worktrees\entropy-io-recovery\crates\common)
   Compiling nautilus-serialization v0.63.0 (E:\persarb\worktrees\entropy-io-recovery\crates\serialization)
   Compiling arrow v57.3.1 (E:\persarb\worktrees\entropy-io-recovery\patches\arrow-compat)
   Compiling parquet v57.3.1 (E:\persarb\worktrees\entropy-io-recovery\patches\parquet-compat)
   Compiling hypersync-schema v0.4.0
   Compiling hypersync-client v1.4.0
   Compiling pyo3 v0.29.2
   Compiling pyo3-stub-gen v0.20.0 (E:\persarb\worktrees\entropy-io-recovery\patches\pyo3-stub-gen)
   Compiling pyo3-async-runtimes v0.29.0
   Compiling nautilus-model v0.63.0 (E:\persarb\worktrees\entropy-io-recovery\crates\model)
   Compiling nautilus-cryptography v0.63.0 (E:\persarb\worktrees\entropy-io-recovery\crates\cryptography)
   Compiling nautilus-network v0.63.0 (E:\persarb\worktrees\entropy-io-recovery\crates\network)
   Compiling nautilus-analysis v0.63.0 (E:\persarb\worktrees\entropy-io-recovery\crates\analysis)
   Compiling nautilus-indicators v0.63.0 (E:\persarb\worktrees\entropy-io-recovery\crates\indicators)
   Compiling nautilus-execution v0.63.0 (E:\persarb\worktrees\entropy-io-recovery\crates\execution)
   Compiling nautilus-portfolio v0.63.0 (E:\persarb\worktrees\entropy-io-recovery\crates\portfolio)
   Compiling nautilus-persistence v0.63.0 (E:\persarb\worktrees\entropy-io-recovery\crates\persistence)
   Compiling nautilus-infrastructure v0.63.0 (E:\persarb\worktrees\entropy-io-recovery\crates\infrastructure)
   Compiling nautilus-trading v0.63.0 (E:\persarb\worktrees\entropy-io-recovery\crates\trading)
   Compiling nautilus-risk v0.63.0 (E:\persarb\worktrees\entropy-io-recovery\crates\risk)
   Compiling nautilus-data v0.63.0 (E:\persarb\worktrees\entropy-io-recovery\crates\data)
   Compiling nautilus-testkit v0.63.0 (E:\persarb\worktrees\entropy-io-recovery\crates\testkit)
   Compiling nautilus-system v0.63.0 (E:\persarb\worktrees\entropy-io-recovery\crates\system)
   Compiling nautilus-live v0.63.0 (E:\persarb\worktrees\entropy-io-recovery\crates\live)
   Compiling nautilus-backtest v0.63.0 (E:\persarb\worktrees\entropy-io-recovery\crates\backtest)
   Compiling nautilus-sandbox v0.63.0 (E:\persarb\worktrees\entropy-io-recovery\crates\adapters\sandbox)
   Compiling nautilus-binance v0.63.0 (E:\persarb\worktrees\entropy-io-recovery\crates\adapters\binance)
   Compiling nautilus-lighter v0.63.0 (E:\persarb\worktrees\entropy-io-recovery\crates\adapters\lighter)
   Compiling nautilus-tardis v0.63.0 (E:\persarb\worktrees\entropy-io-recovery\crates\adapters\tardis)
   Compiling nautilus-architect-ax v0.63.0 (E:\persarb\worktrees\entropy-io-recovery\crates\adapters\architect_ax)
   Compiling nautilus-ondo v0.63.0 (E:\persarb\worktrees\entropy-io-recovery\crates\adapters\ondo)
   Compiling nautilus-bitmex v0.63.0 (E:\persarb\worktrees\entropy-io-recovery\crates\adapters\bitmex)
   Compiling nautilus-interactive-brokers v0.63.0 (E:\persarb\worktrees\entropy-io-recovery\crates\adapters\interactive_brokers)
   Compiling nautilus-deribit v0.63.0 (E:\persarb\worktrees\entropy-io-recovery\crates\adapters\deribit)
   Compiling nautilus-hyperliquid v0.63.0 (E:\persarb\worktrees\entropy-io-recovery\crates\adapters\hyperliquid)
   Compiling nautilus-betfair v0.63.0 (E:\persarb\worktrees\entropy-io-recovery\crates\adapters\betfair)
   Compiling nautilus-dydx v0.63.0 (E:\persarb\worktrees\entropy-io-recovery\crates\adapters\dydx)
   Compiling nautilus-polymarket v0.63.0 (E:\persarb\worktrees\entropy-io-recovery\crates\adapters\polymarket)
   Compiling nautilus-databento v0.63.0 (E:\persarb\worktrees\entropy-io-recovery\crates\adapters\databento)
   Compiling nautilus-bybit v0.63.0 (E:\persarb\worktrees\entropy-io-recovery\crates\adapters\bybit)
   Compiling nautilus-coinbase v0.63.0 (E:\persarb\worktrees\entropy-io-recovery\crates\adapters\coinbase)
   Compiling nautilus-kraken v0.63.0 (E:\persarb\worktrees\entropy-io-recovery\crates\adapters\kraken)
   Compiling nautilus-okx v0.63.0 (E:\persarb\worktrees\entropy-io-recovery\crates\adapters\okx)
   Compiling nautilus-derive v0.63.0 (E:\persarb\worktrees\entropy-io-recovery\crates\adapters\derive)
   Compiling nautilus-backpack v0.63.0 (E:\persarb\worktrees\entropy-io-recovery\crates\adapters\backpack)
   Compiling nautilus-blockchain v0.63.0 (E:\persarb\worktrees\entropy-io-recovery\crates\adapters\blockchain)
   Compiling nautilus-aster v0.63.0 (E:\persarb\worktrees\entropy-io-recovery\crates\adapters\aster)
   Compiling nautilus-pyo3 v0.63.0 (E:\persarb\worktrees\entropy-io-recovery\crates\pyo3)
    Finished `nextest` profile [unoptimized] target(s) in 2m 00s
     Running `E:/persarb/nautilus_trader/target\nextest\python-stub-gen.exe`
error: process didn't exit successfully: `E:/persarb/nautilus_trader/target\nextest\python-stub-gen.exe` (exit code: 0xc0000135, STATUS_DLL_NOT_FOUND)
Starting nautilus-trader stubs...
Generating PyO3 docstrings...
Generating type stubs with pyo3-stub-gen...
Running: cargo run --bin python-stub-gen --profile nextest --features arrow,betfair,high-precision,mimalloc,redis,postgres,defi,hypersync,tracing-bridge,nautilus-interactive-brokers/gateway
  in: E:\persarb\worktrees\entropy-io-recovery\crates\pyo3
Build failed: Command '['cargo', 'run', '--bin', 'python-stub-gen', '--profile', 'nextest', '--features', 'arrow,betfair,high-precision,mimalloc,redis,postgres,defi,hypersync,tracing-bridge,nautilus-interactive-brokers/gateway']' returned non-zero exit status 3221225781.
