Resolved 65 packages in 853ms
warning: Failed to hardlink files; falling back to full copy. This may lead to degraded performance.
         If the cache and target directories are on different filesystems, hardlinking may not be supported.
         If this is intentional, set `export UV_LINK_MODE=copy` or use `--link-mode=copy` to suppress this warning.
Installed 65 packages in 2.82s
 + accessible-pygments==0.0.5
 + alabaster==1.0.0
 + babel==2.18.0
 + beautifulsoup4==4.15.0
 + certifi==2026.7.22
 + charset-normalizer==3.5.1
 + choreographer==1.3.0
 + click==8.4.2
 + colorama==0.4.6
 + coverage==7.15.4
 + docutils==0.22.4
 + execnet==2.1.2
 + furo==2025.12.19
 + h11==0.16.0
 + idna==3.19
 + imagesize==2.0.0
 + iniconfig==2.3.0
 + jinja2==3.1.6
 + kaleido==1.3.0
 + linkify-it-py==2.1.0
 + logistro==2.0.1
 + markdown-it-py==4.2.0
 + markupsafe==3.0.3
 + maturin==1.15.0
 + mdit-py-plugins==0.6.1
 + mdurl==0.1.2
 + myst-parser==5.1.0
 + narwhals==2.25.0
 + numpy==2.5.2
 + orjson==3.12.0
 + packaging==26.3
 + pandas==3.0.5
 + platformdirs==4.11.3
 + plotly==6.9.0
 + pluggy==1.6.0
 + psutil==7.2.2
 + pygments==2.21.0
 + pytest==9.1.1
 + pytest-asyncio==1.4.0
 + pytest-cov==7.1.0
 + pytest-xdist==3.8.0
 + python-dateutil==2.9.0.post0
 + pyyaml==6.0.3
 + requests==2.34.2
 + roman-numerals==4.1.0
 + ruff==0.16.4
 + simplejson==4.1.1
 + six==1.17.0
 + snowballstemmer==3.1.1
 + soupsieve==2.9.2
 + sphinx==9.1.0
 + sphinx-basic-ng==1.0.0b2
 + sphinx-comments==0.0.3
 + sphinxcontrib-applehelp==2.0.0
 + sphinxcontrib-devhelp==2.0.0
 + sphinxcontrib-htmlhelp==2.1.0
 + sphinxcontrib-jsmath==1.0.1
 + sphinxcontrib-qthelp==2.0.0
 + sphinxcontrib-serializinghtml==2.0.0
 + ty==0.0.74
 + typing-extensions==4.16.0
 + tzdata==2026.3
 + uc-micro-py==2.0.0
 + urllib3==2.7.0
 + uvicorn==0.52.4
