
Total: 0 doc comments updated
    Finished `nextest` profile [unoptimized] target(s) in 0.74s
     Running `E:/persarb/nautilus_trader/target\nextest\python-stub-gen.exe`
Starting Python type stub generation...
Python type stub generation completed
Starting nautilus-trader stubs...
Generating PyO3 docstrings...
Generating type stubs with pyo3-stub-gen...
Running: cargo run --bin python-stub-gen --profile nextest --features arrow,betfair,high-precision,mimalloc,redis,postgres,defi,hypersync,tracing-bridge,nautilus-interactive-brokers/gateway
  in: E:\persarb\worktrees\entropy-io-recovery\crates\pyo3
Stubs generated successfully
Running: ruff check --fix E:\persarb\worktrees\entropy-io-recovery\python\nautilus_trader\__init__.pyi E:\persarb\worktrees\entropy-io-recovery\python\nautilus_trader\_libnautilus\__init__.pyi E:\persarb\worktrees\entropy-io-recovery\python\nautilus_trader\adapters\__init__.pyi E:\persarb\worktrees\entropy-io-recovery\python\nautilus_trader\adapters\architect_ax\__init__.pyi E:\persarb\worktrees\entropy-io-recovery\python\nautilus_trader\adapters\aster\__init__.pyi E:\persarb\worktrees\entropy-io-recovery\python\nautilus_trader\adapters\backpack\__init__.pyi E:\persarb\worktrees\entropy-io-recovery\python\nautilus_trader\adapters\betfair\__init__.pyi E:\persarb\worktrees\entropy-io-recovery\python\nautilus_trader\adapters\binance\__init__.pyi E:\persarb\worktrees\entropy-io-recovery\python\nautilus_trader\adapters\bitmex\__init__.pyi E:\persarb\worktrees\entropy-io-recovery\python\nautilus_trader\adapters\blockchain\__init__.pyi E:\persarb\worktrees\entropy-io-recovery\python\nautilus_trader\adapters\bybit\__init__.pyi E:\persarb\worktrees\entropy-io-recovery\python\nautilus_trader\adapters\coinbase\__init__.pyi E:\persarb\worktrees\entropy-io-recovery\python\nautilus_trader\adapters\databento\__init__.pyi E:\persarb\worktrees\entropy-io-recovery\python\nautilus_trader\adapters\deribit\__init__.pyi E:\persarb\worktrees\entropy-io-recovery\python\nautilus_trader\adapters\derive\__init__.pyi E:\persarb\worktrees\entropy-io-recovery\python\nautilus_trader\adapters\dydx\__init__.pyi E:\persarb\worktrees\entropy-io-recovery\python\nautilus_trader\adapters\hyperliquid\__init__.pyi E:\persarb\worktrees\entropy-io-recovery\python\nautilus_trader\adapters\interactive_brokers\__init__.pyi E:\persarb\worktrees\entropy-io-recovery\python\nautilus_trader\adapters\kraken\__init__.pyi E:\persarb\worktrees\entropy-io-recovery\python\nautilus_trader\adapters\lighter\__init__.pyi E:\persarb\worktrees\entropy-io-recovery\python\nautilus_trader\adapters\okx\__init__.pyi E:\persarb\worktrees\entropy-io-recovery\python\nautilus_trader\adapters\ondo\__init__.pyi E:\persarb\worktrees\entropy-io-recovery\python\nautilus_trader\adapters\polymarket\__init__.pyi E:\persarb\worktrees\entropy-io-recovery\python\nautilus_trader\adapters\sandbox\__init__.pyi E:\persarb\worktrees\entropy-io-recovery\python\nautilus_trader\adapters\tardis\__init__.pyi E:\persarb\worktrees\entropy-io-recovery\python\nautilus_trader\analysis\__init__.pyi E:\persarb\worktrees\entropy-io-recovery\python\nautilus_trader\backtest\__init__.pyi E:\persarb\worktrees\entropy-io-recovery\python\nautilus_trader\common\__init__.pyi E:\persarb\worktrees\entropy-io-recovery\python\nautilus_trader\config\__init__.pyi E:\persarb\worktrees\entropy-io-recovery\python\nautilus_trader\core\__init__.pyi E:\persarb\worktrees\entropy-io-recovery\python\nautilus_trader\cryptography\__init__.pyi E:\persarb\worktrees\entropy-io-recovery\python\nautilus_trader\data\__init__.pyi E:\persarb\worktrees\entropy-io-recovery\python\nautilus_trader\execution\__init__.pyi E:\persarb\worktrees\entropy-io-recovery\python\nautilus_trader\indicators\__init__.pyi E:\persarb\worktrees\entropy-io-recovery\python\nautilus_trader\infrastructure\__init__.pyi E:\persarb\worktrees\entropy-io-recovery\python\nautilus_trader\live\__init__.pyi E:\persarb\worktrees\entropy-io-recovery\python\nautilus_trader\model\__init__.pyi E:\persarb\worktrees\entropy-io-recovery\python\nautilus_trader\network\__init__.pyi E:\persarb\worktrees\entropy-io-recovery\python\nautilus_trader\persistence\__init__.pyi E:\persarb\worktrees\entropy-io-recovery\python\nautilus_trader\portfolio\__init__.pyi E:\persarb\worktrees\entropy-io-recovery\python\nautilus_trader\risk\__init__.pyi E:\persarb\worktrees\entropy-io-recovery\python\nautilus_trader\serialization\__init__.pyi E:\persarb\worktrees\entropy-io-recovery\python\nautilus_trader\testkit\__init__.pyi E:\persarb\worktrees\entropy-io-recovery\python\nautilus_trader\trading\__init__.pyi
Running: ruff format E:\persarb\worktrees\entropy-io-recovery\python\nautilus_trader\__init__.pyi E:\persarb\worktrees\entropy-io-recovery\python\nautilus_trader\_libnautilus\__init__.pyi E:\persarb\worktrees\entropy-io-recovery\python\nautilus_trader\adapters\__init__.pyi E:\persarb\worktrees\entropy-io-recovery\python\nautilus_trader\adapters\architect_ax\__init__.pyi E:\persarb\worktrees\entropy-io-recovery\python\nautilus_trader\adapters\aster\__init__.pyi E:\persarb\worktrees\entropy-io-recovery\python\nautilus_trader\adapters\backpack\__init__.pyi E:\persarb\worktrees\entropy-io-recovery\python\nautilus_trader\adapters\betfair\__init__.pyi E:\persarb\worktrees\entropy-io-recovery\python\nautilus_trader\adapters\binance\__init__.pyi E:\persarb\worktrees\entropy-io-recovery\python\nautilus_trader\adapters\bitmex\__init__.pyi E:\persarb\worktrees\entropy-io-recovery\python\nautilus_trader\adapters\blockchain\__init__.pyi E:\persarb\worktrees\entropy-io-recovery\python\nautilus_trader\adapters\bybit\__init__.pyi E:\persarb\worktrees\entropy-io-recovery\python\nautilus_trader\adapters\coinbase\__init__.pyi E:\persarb\worktrees\entropy-io-recovery\python\nautilus_trader\adapters\databento\__init__.pyi E:\persarb\worktrees\entropy-io-recovery\python\nautilus_trader\adapters\deribit\__init__.pyi E:\persarb\worktrees\entropy-io-recovery\python\nautilus_trader\adapters\derive\__init__.pyi E:\persarb\worktrees\entropy-io-recovery\python\nautilus_trader\adapters\dydx\__init__.pyi E:\persarb\worktrees\entropy-io-recovery\python\nautilus_trader\adapters\hyperliquid\__init__.pyi E:\persarb\worktrees\entropy-io-recovery\python\nautilus_trader\adapters\interactive_brokers\__init__.pyi E:\persarb\worktrees\entropy-io-recovery\python\nautilus_trader\adapters\kraken\__init__.pyi E:\persarb\worktrees\entropy-io-recovery\python\nautilus_trader\adapters\lighter\__init__.pyi E:\persarb\worktrees\entropy-io-recovery\python\nautilus_trader\adapters\okx\__init__.pyi E:\persarb\worktrees\entropy-io-recovery\python\nautilus_trader\adapters\ondo\__init__.pyi E:\persarb\worktrees\entropy-io-recovery\python\nautilus_trader\adapters\polymarket\__init__.pyi E:\persarb\worktrees\entropy-io-recovery\python\nautilus_trader\adapters\sandbox\__init__.pyi E:\persarb\worktrees\entropy-io-recovery\python\nautilus_trader\adapters\tardis\__init__.pyi E:\persarb\worktrees\entropy-io-recovery\python\nautilus_trader\analysis\__init__.pyi E:\persarb\worktrees\entropy-io-recovery\python\nautilus_trader\backtest\__init__.pyi E:\persarb\worktrees\entropy-io-recovery\python\nautilus_trader\common\__init__.pyi E:\persarb\worktrees\entropy-io-recovery\python\nautilus_trader\config\__init__.pyi E:\persarb\worktrees\entropy-io-recovery\python\nautilus_trader\core\__init__.pyi E:\persarb\worktrees\entropy-io-recovery\python\nautilus_trader\cryptography\__init__.pyi E:\persarb\worktrees\entropy-io-recovery\python\nautilus_trader\data\__init__.pyi E:\persarb\worktrees\entropy-io-recovery\python\nautilus_trader\execution\__init__.pyi E:\persarb\worktrees\entropy-io-recovery\python\nautilus_trader\indicators\__init__.pyi E:\persarb\worktrees\entropy-io-recovery\python\nautilus_trader\infrastructure\__init__.pyi E:\persarb\worktrees\entropy-io-recovery\python\nautilus_trader\live\__init__.pyi E:\persarb\worktrees\entropy-io-recovery\python\nautilus_trader\model\__init__.pyi E:\persarb\worktrees\entropy-io-recovery\python\nautilus_trader\network\__init__.pyi E:\persarb\worktrees\entropy-io-recovery\python\nautilus_trader\persistence\__init__.pyi E:\persarb\worktrees\entropy-io-recovery\python\nautilus_trader\portfolio\__init__.pyi E:\persarb\worktrees\entropy-io-recovery\python\nautilus_trader\risk\__init__.pyi E:\persarb\worktrees\entropy-io-recovery\python\nautilus_trader\serialization\__init__.pyi E:\persarb\worktrees\entropy-io-recovery\python\nautilus_trader\testkit\__init__.pyi E:\persarb\worktrees\entropy-io-recovery\python\nautilus_trader\trading\__init__.pyi
Type stubs written to . 
Generated: nautilus_trader\__init__.pyi
Generated: nautilus_trader\_libnautilus\__init__.pyi
Generated: nautilus_trader\adapters\__init__.pyi
Generated: nautilus_trader\adapters\architect_ax\__init__.pyi
Generated: nautilus_trader\adapters\aster\__init__.pyi
Generated: nautilus_trader\adapters\backpack\__init__.pyi
Generated: nautilus_trader\adapters\betfair\__init__.pyi
Generated: nautilus_trader\adapters\binance\__init__.pyi
Generated: nautilus_trader\adapters\bitmex\__init__.pyi
Generated: nautilus_trader\adapters\blockchain\__init__.pyi
Generated: nautilus_trader\adapters\bybit\__init__.pyi
Generated: nautilus_trader\adapters\coinbase\__init__.pyi
Generated: nautilus_trader\adapters\databento\__init__.pyi
Generated: nautilus_trader\adapters\deribit\__init__.pyi
Generated: nautilus_trader\adapters\derive\__init__.pyi
Generated: nautilus_trader\adapters\dydx\__init__.pyi
Generated: nautilus_trader\adapters\hyperliquid\__init__.pyi
Generated: nautilus_trader\adapters\interactive_brokers\__init__.pyi
Generated: nautilus_trader\adapters\kraken\__init__.pyi
Generated: nautilus_trader\adapters\lighter\__init__.pyi
...and 24 more stub files
Stub generation completed successfully
