FFFFF.F                                                                  [100%]
================================== FAILURES ===================================
___________ test_actual_installed_factory_two_leg_execution[paired] ___________

tmp_path = WindowsPath('C:/Users/myron/AppData/Local/Temp/pytest-of-myron/pytest-590/test_actual_installed_factory_0')
mode = 'paired'

    @pytest.mark.parametrize(
        "mode",
        [
            "paired",
            "reject",
            "partial",
            "unknown",
            "cleanup_failure",
            "foreign",
            "loss_fee",
        ],
    )
    def test_actual_installed_factory_two_leg_execution(tmp_path, mode):
        wheel = os.environ.get("ENTROPY43_NATIVE_WHEEL")
        sha256 = os.environ.get("ENTROPY43_NATIVE_SHA256")
        provenance = os.environ.get("ENTROPY43_NATIVE_PROVENANCE")
        if not all((wheel, sha256, provenance)):
            pytest.skip(
                "requires an explicitly selected source-bound native Entropy/Aster candidate"
            )
        evidence_root = os.environ.get("ENTROPY43_EVIDENCE_ROOT")
        directory = Path(evidence_root) / mode if evidence_root else tmp_path / mode
        directory.mkdir(parents=True, exist_ok=False)
        command = [
            sys.executable,
            str(Path(__file__).resolve()),
            "--entropy43-child",
            mode,
            str(directory),
            wheel,
            sha256,
            provenance,
        ]
        result = subprocess.run(
            command,
            cwd=ROOT,
            env=_environment(),
            capture_output=True,
            text=True,
            encoding="utf-8",
            errors="replace",
            timeout=55,
            check=False,
        )
        (directory / "child-command.json").write_text(
            json.dumps({"argv": command, "exit_code": result.returncode}, indent=2),
            encoding="utf-8",
        )
        (directory / "child-stdout.log").write_text(result.stdout, encoding="utf-8")
        (directory / "child-stderr.log").write_text(result.stderr, encoding="utf-8")
>       assert result.returncode == 0, result.stdout[-16000:] + result.stderr[-16000:]
E       AssertionError: Traceback (most recent call last):
E           File "E:\persarb\worktrees\entropy-execution-app\tests\test_entropy_execution_native.py", line 328, in _child_main
E             record = asyncio.run(
E                      ^^^^^^^^^^^^
E           File "C:\Users\myron\AppData\Roaming\uv\python\cpython-3.12.9-windows-x86_64-none\Lib\asyncio\runners.py", line 195, in run
E             return runner.run(main)
E                    ^^^^^^^^^^^^^^^^
E           File "C:\Users\myron\AppData\Roaming\uv\python\cpython-3.12.9-windows-x86_64-none\Lib\asyncio\runners.py", line 118, in run
E             return self._loop.run_until_complete(task)
E                    ^^^^^^^^^^^^^^^^^^^^^^^^^^^^^^^^^^^
E           File "C:\Users\myron\AppData\Roaming\uv\python\cpython-3.12.9-windows-x86_64-none\Lib\asyncio\base_events.py", line 691, in run_until_complete
E             return future.result()
E                    ^^^^^^^^^^^^^^^
E           File "E:\persarb\worktrees\entropy-execution-app\tests\test_entropy_execution_native.py", line 206, in child_case
E             assert controller["state"] == "Completed", summary
E                    ^^^^^^^^^^^^^^^^^^^^^^^^^^^^^^^^^^
E         AssertionError: {'schema_version': 1, 'synthetic_numeric_loopback': True, 'native_host_egress_isolation_verified': False, 'controller': {'schema_version': 1, 'plan_sha256': '6e9da3b0a8071e2a4da3dfe2215cb603cd7934bee1cba8bd5c3a536420af8ee6', 'run_id': 'ENTROPY43_LOCAL', 'state': 'StoppedUnknown', 'start_ns': None, 'cleanup_started_ns': None, 'actions': 0, 'entry_orders': 0, 'cleanup_orders': 0, 'entry_notional_usd': '0', 'loss_usd': '0', 'positions': {'entropy': '0', 'aster': '0'}, 'orders': {}, 'fills': [], 'reasons': ['invalid_or_regressed_scope_proof', 'cleanup_without_started_run'], 'new_risk_closed': True, 'native_cache_recovery': 'Unknown', 'current_projection_verified': 'Unknown', 'gross_reserved_usd': '0', 'unhedged_reserved_usd': '0', 'orders_terminal': 'Unknown', 'owned_flat_verified': 'Unknown', 'account_flat_verified': 'Unknown', 'shutdown_verified': 'Unknown'}, 'started': True, 'stopped': True, 'shutdown_verified': True, 'watchdog_fired': False, 'failure': None, 'economic_error': None, 'native_economic_receipt': None, 'account_flat_verified': 'Unknown', 'aster_actual_funding': 'Unknown', 'economics_complete': False, 'events': 46, 'event_bytes': 109550, 'native_selected_scopes': {'entropy': {'policy': {'schema_version': 1, 'strategy_id': 'ENTROPY-043', 'journal_path': 'E:\\persarb\\_tmp\\entropy111-validation\\app43-actual-native-first\\paired\\native-io-intents.jsonl', 'max_order_notional': '20', 'max_gross_notional': '40', 'max_open_orders': 2, 'max_actions': 6, 'max_leverage': 1, 'margin_buffer': '1', 'fee_buffer_bps': '100', 'action_timeout_ms': 2000, 'recovery_timeout_ms': 3000, 'recovery_max_attempts': 2, 'recovery_retry_delay_ms': 10, 'metadata_max_age_ms': 30000, 'symbols': [{'instrument_id': 'io:SNDK-USD-PERP.HYPERLIQUID', 'max_quantity': '0.12', 'min_price': '95', 'max_price': '105'}]}, 'account': {'dex': 'io', 'address': '0xc96aaa54e2d44c299564da76e1cd3184a2386b8d', 'account_mode': 'standard_disabled_inferred', 'collateral_token_id': '0x6d1e7cde53ba9467b783cb7c530ce054', 'balance': '100', 'equity': '100', 'withdrawable': '100', 'used': '0', 'free': '100', 'total_maintenance': None, 'positions': [], 'http_source_time_ms': 1791520902930, 'http_received_time_ms': 1791520902931, 'http_verification_started_time_ms': 1791520902927, 'private_stream_epoch': 0, 'ws_received_time_ms': 1791520917426, 'ws_source_time_ms': 1791520917426, 'trusted': False, 'flat': None, 'diagnostic': 'io verification/recovery failed: io verification/recovery total deadline exhausted', 'provenance': 'Explicit io REST request scope; marginSummary includes isolated positions; disabled-to-standard is an SDK-supported inference; mode/role/collateral requests are not atomic; WS source time is not synthesized'}, 'latest_private_funds': {'free': '100', 'withdrawable': '100', 'received_time_ms': 1791520917426, 'source_time_ms': 1791520917426}, 'metadata': {'io:SNDK-USD-PERP.HYPERLIQUID': {'instrument_id': 'io:SNDK-USD-PERP.HYPERLIQUID', 'coin': 'io:SNDK', 'asset': 110000, 'dex_index': 1, 'universe_index': 0, 'size_decimals': 4, 'margin_mode': 'strictIsolated', 'actual_leverage': 1, 'received_ms': 1791520902759, 'verification_started_ms': 1791520902754, 'user_asset_source_time_ms': None, 'max_trade_sizes': ['1', '1'], 'available_to_trade': ['100', '100'], 'mark_price': '100'}}, 'recovery_complete': False, 'recovered_epoch': 0, 'diagnostic': 'io verification/recovery failed: io verification/recovery total deadline exhausted', 'journal_tainted': False, 'fresh_journal_origin': True, 'native_projection_recovery_required': False, 'actions': 0, 'owned_intents': {}, 'actual_fills': {}, 'margin_basis': 'conservative full-notional entry estimate using minimum HTTP/private free and withdrawable; isolated total maintenance unknown; non-atomic source observations', 'user_asset_source_time_ms': None}, 'aster': {'schema_version': 1, 'account_id': 'ASTER-ENTROPY43', 'venue': 'ASTER', 'user_address': '0xc96aaa54e2d44c299564da76e1cd3184a2386b8d', 'signer_address': '0xc96aaa54e2d44c299564da76e1cd3184a2386b8d', 'source_endpoint': 'http://127.0.0.1:5269', 'generation': 28, 'phase': 'ready', 'ready': False, 'trusted': False, 'stream_live': True, 'mode_verified': True, 'recovery_complete': False, 'fill_chronology_debt': False, 'whole_account_verified': False, 'run_ownership_verified': False, 'funding_verified': False, 'source': 'native_http_selected_scope', 'source_time_ns': None, 'source_time_origin': 'venue_does_not_supply_snapshot_time', 'received_time_ns': None, 'max_age_ms': 2000, 'instrument_ids': ['SNDKUSD1-PERP.ASTER'], 'balance_asset': 'USD1', 'positions': [], 'balance': None, 'open_orders': [], 'reason': 'selected scope is missing, stale or superseded'}}, 'current_projection_witnesses': {'entropy': {'account_id': 'HYPERLIQUID-ENTROPY43', 'instrument_id': 'io:SNDK-USD-PERP.HYPERLIQUID', 'strategy_id': 'ENTROPY-043', 'signed_quantity': '0', 'portfolio_signed_quantity': '0', 'ordinary_order_count': 0, 'ordinary_position_count': 0, 'actual_fill_count': 0, 'cold_native_cache_restore_verified': False, 'whole_account_verified': False, 'verified': True, 'scope_sha256': '49412bd89aac597d4a0ee33e302f54d7085106762b29d3a91078b5c13b604b61', 'observed_at_ns': 1791520902925297700, 'native_scope_received_ns': 1791520902803000000}, 'aster': {'account_id': 'ASTER-ENTROPY43', 'instrument_id': 'SNDKUSD1-PERP.ASTER', 'strategy_id': 'ENTROPY-043', 'signed_quantity': '0', 'portfolio_signed_quantity': '0', 'ordinary_order_count': 0, 'ordinary_position_count': 0, 'actual_fill_count': 0, 'cold_native_cache_restore_verified': False, 'whole_account_verified': False, 'verified': True, 'scope_sha256': 'e0668598f2a3594ba6593e23eeb6e4d44646722ec71b20d23604c25a56a90098', 'observed_at_ns': 1791520910914110700, 'native_scope_received_ns': 1791520908932996900}}, 'initial_selected_flat_projection': {'entropy': {'account_id': 'HYPERLIQUID-ENTROPY43', 'instrument_id': 'io:SNDK-USD-PERP.HYPERLIQUID', 'strategy_id': 'ENTROPY-043', 'signed_quantity': '0', 'portfolio_signed_quantity': '0', 'ordinary_order_count': 0, 'ordinary_position_count': 0, 'actual_fill_count': 0, 'cold_native_cache_restore_verified': False, 'whole_account_verified': False, 'verified': True, 'scope_sha256': '49412bd89aac597d4a0ee33e302f54d7085106762b29d3a91078b5c13b604b61', 'observed_at_ns': 1791520902925297700, 'native_scope_received_ns': 1791520902803000000}, 'aster': {'account_id': 'ASTER-ENTROPY43', 'instrument_id': 'SNDKUSD1-PERP.ASTER', 'strategy_id': 'ENTROPY-043', 'signed_quantity': '0', 'portfolio_signed_quantity': '0', 'ordinary_order_count': 0, 'ordinary_position_count': 0, 'actual_fill_count': 0, 'cold_native_cache_restore_verified': False, 'whole_account_verified': False, 'verified': True, 'scope_sha256': '3705dfa1fa7c62cc0b9e56b3c3f371e94a3c8e5c0cb8b45ef59a0b823ecf2ac8', 'observed_at_ns': 1791520903019439700, 'native_scope_received_ns': 1791520902931509800}}, 'unattributed_native_events': [], 'durable_cold_native_cache_restore_verified': False, 'native_cache_positions': {'entropy': [], 'aster': []}, 'native_portfolio_net_positions': {'entropy': '0', 'aster': '0'}, 'economic_flags': {'orders_terminal': 'Unknown', 'owned_flat_verified': 'Unknown', 'account_flat_verified': 'Unknown', 'current_projection_verified': 'Unknown', 'native_cache_recovery': 'Unknown', 'shutdown_verified': True, 'economic_identity_complete': 'Unknown', 'history_coverage_complete': 'Unknown', 'fill_fee_attribution_complete': 'Unknown', 'run_attribution_complete': 'Unknown', 'economics_complete': 'Unknown'}}
E         
E       assert 1 == 0
E        +  where 1 = CompletedProcess(args=['E:\\persarb\\worktrees\\entropy-execution-app\\.venv\\Scripts\\python.exe', 'E:\\persarb\\work...tribution_complete\': \'Unknown\', \'run_attribution_complete\': \'Unknown\', \'economics_complete\': \'Unknown\'}}\n').returncode

tests\test_entropy_execution_native.py:313: AssertionError
___________ test_actual_installed_factory_two_leg_execution[reject] ___________

tmp_path = WindowsPath('C:/Users/myron/AppData/Local/Temp/pytest-of-myron/pytest-590/test_actual_installed_factory_1')
mode = 'reject'

    @pytest.mark.parametrize(
        "mode",
        [
            "paired",
            "reject",
            "partial",
            "unknown",
            "cleanup_failure",
            "foreign",
            "loss_fee",
        ],
    )
    def test_actual_installed_factory_two_leg_execution(tmp_path, mode):
        wheel = os.environ.get("ENTROPY43_NATIVE_WHEEL")
        sha256 = os.environ.get("ENTROPY43_NATIVE_SHA256")
        provenance = os.environ.get("ENTROPY43_NATIVE_PROVENANCE")
        if not all((wheel, sha256, provenance)):
            pytest.skip(
                "requires an explicitly selected source-bound native Entropy/Aster candidate"
            )
        evidence_root = os.environ.get("ENTROPY43_EVIDENCE_ROOT")
        directory = Path(evidence_root) / mode if evidence_root else tmp_path / mode
        directory.mkdir(parents=True, exist_ok=False)
        command = [
            sys.executable,
            str(Path(__file__).resolve()),
            "--entropy43-child",
            mode,
            str(directory),
            wheel,
            sha256,
            provenance,
        ]
        result = subprocess.run(
            command,
            cwd=ROOT,
            env=_environment(),
            capture_output=True,
            text=True,
            encoding="utf-8",
            errors="replace",
            timeout=55,
            check=False,
        )
        (directory / "child-command.json").write_text(
            json.dumps({"argv": command, "exit_code": result.returncode}, indent=2),
            encoding="utf-8",
        )
        (directory / "child-stdout.log").write_text(result.stdout, encoding="utf-8")
        (directory / "child-stderr.log").write_text(result.stderr, encoding="utf-8")
>       assert result.returncode == 0, result.stdout[-16000:] + result.stderr[-16000:]
E       AssertionError: Traceback (most recent call last):
E           File "E:\persarb\worktrees\entropy-execution-app\tests\test_entropy_execution_native.py", line 328, in _child_main
E             record = asyncio.run(
E                      ^^^^^^^^^^^^
E           File "C:\Users\myron\AppData\Roaming\uv\python\cpython-3.12.9-windows-x86_64-none\Lib\asyncio\runners.py", line 195, in run
E             return runner.run(main)
E                    ^^^^^^^^^^^^^^^^
E           File "C:\Users\myron\AppData\Roaming\uv\python\cpython-3.12.9-windows-x86_64-none\Lib\asyncio\runners.py", line 118, in run
E             return self._loop.run_until_complete(task)
E                    ^^^^^^^^^^^^^^^^^^^^^^^^^^^^^^^^^^^
E           File "C:\Users\myron\AppData\Roaming\uv\python\cpython-3.12.9-windows-x86_64-none\Lib\asyncio\base_events.py", line 691, in run_until_complete
E             return future.result()
E                    ^^^^^^^^^^^^^^^
E           File "E:\persarb\worktrees\entropy-execution-app\tests\test_entropy_execution_native.py", line 245, in child_case
E             assert any(fill["leg"] == "entropy" for fill in controller["fills"])
E                    ^^^^^^^^^^^^^^^^^^^^^^^^^^^^^^^^^^^^^^^^^^^^^^^^^^^^^^^^^^^^^
E         AssertionError
E         
E       assert 1 == 0
E        +  where 1 = CompletedProcess(args=['E:\\persarb\\worktrees\\entropy-execution-app\\.venv\\Scripts\\python.exe', 'E:\\persarb\\work...l in controller["fills"])\n           ^^^^^^^^^^^^^^^^^^^^^^^^^^^^^^^^^^^^^^^^^^^^^^^^^^^^^^^^^^^^^\nAssertionError\n').returncode

tests\test_entropy_execution_native.py:313: AssertionError
__________ test_actual_installed_factory_two_leg_execution[partial] ___________

tmp_path = WindowsPath('C:/Users/myron/AppData/Local/Temp/pytest-of-myron/pytest-590/test_actual_installed_factory_2')
mode = 'partial'

    @pytest.mark.parametrize(
        "mode",
        [
            "paired",
            "reject",
            "partial",
            "unknown",
            "cleanup_failure",
            "foreign",
            "loss_fee",
        ],
    )
    def test_actual_installed_factory_two_leg_execution(tmp_path, mode):
        wheel = os.environ.get("ENTROPY43_NATIVE_WHEEL")
        sha256 = os.environ.get("ENTROPY43_NATIVE_SHA256")
        provenance = os.environ.get("ENTROPY43_NATIVE_PROVENANCE")
        if not all((wheel, sha256, provenance)):
            pytest.skip(
                "requires an explicitly selected source-bound native Entropy/Aster candidate"
            )
        evidence_root = os.environ.get("ENTROPY43_EVIDENCE_ROOT")
        directory = Path(evidence_root) / mode if evidence_root else tmp_path / mode
        directory.mkdir(parents=True, exist_ok=False)
        command = [
            sys.executable,
            str(Path(__file__).resolve()),
            "--entropy43-child",
            mode,
            str(directory),
            wheel,
            sha256,
            provenance,
        ]
        result = subprocess.run(
            command,
            cwd=ROOT,
            env=_environment(),
            capture_output=True,
            text=True,
            encoding="utf-8",
            errors="replace",
            timeout=55,
            check=False,
        )
        (directory / "child-command.json").write_text(
            json.dumps({"argv": command, "exit_code": result.returncode}, indent=2),
            encoding="utf-8",
        )
        (directory / "child-stdout.log").write_text(result.stdout, encoding="utf-8")
        (directory / "child-stderr.log").write_text(result.stderr, encoding="utf-8")
>       assert result.returncode == 0, result.stdout[-16000:] + result.stderr[-16000:]
E       AssertionError: Traceback (most recent call last):
E           File "E:\persarb\worktrees\entropy-execution-app\tests\test_entropy_execution_native.py", line 328, in _child_main
E             record = asyncio.run(
E                      ^^^^^^^^^^^^
E           File "C:\Users\myron\AppData\Roaming\uv\python\cpython-3.12.9-windows-x86_64-none\Lib\asyncio\runners.py", line 195, in run
E             return runner.run(main)
E                    ^^^^^^^^^^^^^^^^
E           File "C:\Users\myron\AppData\Roaming\uv\python\cpython-3.12.9-windows-x86_64-none\Lib\asyncio\runners.py", line 118, in run
E             return self._loop.run_until_complete(task)
E                    ^^^^^^^^^^^^^^^^^^^^^^^^^^^^^^^^^^^
E           File "C:\Users\myron\AppData\Roaming\uv\python\cpython-3.12.9-windows-x86_64-none\Lib\asyncio\base_events.py", line 691, in run_until_complete
E             return future.result()
E                    ^^^^^^^^^^^^^^^
E           File "E:\persarb\worktrees\entropy-execution-app\tests\test_entropy_execution_native.py", line 245, in child_case
E             assert any(fill["leg"] == "entropy" for fill in controller["fills"])
E                    ^^^^^^^^^^^^^^^^^^^^^^^^^^^^^^^^^^^^^^^^^^^^^^^^^^^^^^^^^^^^^
E         AssertionError
E         
E       assert 1 == 0
E        +  where 1 = CompletedProcess(args=['E:\\persarb\\worktrees\\entropy-execution-app\\.venv\\Scripts\\python.exe', 'E:\\persarb\\work...l in controller["fills"])\n           ^^^^^^^^^^^^^^^^^^^^^^^^^^^^^^^^^^^^^^^^^^^^^^^^^^^^^^^^^^^^^\nAssertionError\n').returncode

tests\test_entropy_execution_native.py:313: AssertionError
__________ test_actual_installed_factory_two_leg_execution[unknown] ___________

tmp_path = WindowsPath('C:/Users/myron/AppData/Local/Temp/pytest-of-myron/pytest-590/test_actual_installed_factory_3')
mode = 'unknown'

    @pytest.mark.parametrize(
        "mode",
        [
            "paired",
            "reject",
            "partial",
            "unknown",
            "cleanup_failure",
            "foreign",
            "loss_fee",
        ],
    )
    def test_actual_installed_factory_two_leg_execution(tmp_path, mode):
        wheel = os.environ.get("ENTROPY43_NATIVE_WHEEL")
        sha256 = os.environ.get("ENTROPY43_NATIVE_SHA256")
        provenance = os.environ.get("ENTROPY43_NATIVE_PROVENANCE")
        if not all((wheel, sha256, provenance)):
            pytest.skip(
                "requires an explicitly selected source-bound native Entropy/Aster candidate"
            )
        evidence_root = os.environ.get("ENTROPY43_EVIDENCE_ROOT")
        directory = Path(evidence_root) / mode if evidence_root else tmp_path / mode
        directory.mkdir(parents=True, exist_ok=False)
        command = [
            sys.executable,
            str(Path(__file__).resolve()),
            "--entropy43-child",
            mode,
            str(directory),
            wheel,
            sha256,
            provenance,
        ]
        result = subprocess.run(
            command,
            cwd=ROOT,
            env=_environment(),
            capture_output=True,
            text=True,
            encoding="utf-8",
            errors="replace",
            timeout=55,
            check=False,
        )
        (directory / "child-command.json").write_text(
            json.dumps({"argv": command, "exit_code": result.returncode}, indent=2),
            encoding="utf-8",
        )
        (directory / "child-stdout.log").write_text(result.stdout, encoding="utf-8")
        (directory / "child-stderr.log").write_text(result.stderr, encoding="utf-8")
>       assert result.returncode == 0, result.stdout[-16000:] + result.stderr[-16000:]
E       AssertionError: Traceback (most recent call last):
E           File "E:\persarb\worktrees\entropy-execution-app\tests\test_entropy_execution_native.py", line 328, in _child_main
E             record = asyncio.run(
E                      ^^^^^^^^^^^^
E           File "C:\Users\myron\AppData\Roaming\uv\python\cpython-3.12.9-windows-x86_64-none\Lib\asyncio\runners.py", line 195, in run
E             return runner.run(main)
E                    ^^^^^^^^^^^^^^^^
E           File "C:\Users\myron\AppData\Roaming\uv\python\cpython-3.12.9-windows-x86_64-none\Lib\asyncio\runners.py", line 118, in run
E             return self._loop.run_until_complete(task)
E                    ^^^^^^^^^^^^^^^^^^^^^^^^^^^^^^^^^^^
E           File "C:\Users\myron\AppData\Roaming\uv\python\cpython-3.12.9-windows-x86_64-none\Lib\asyncio\base_events.py", line 691, in run_until_complete
E             return future.result()
E                    ^^^^^^^^^^^^^^^
E           File "E:\persarb\worktrees\entropy-execution-app\tests\test_entropy_execution_native.py", line 240, in child_case
E             assert controller["orders_terminal"] is False
E                    ^^^^^^^^^^^^^^^^^^^^^^^^^^^^^^^^^^^^^^
E         AssertionError
E         
E       assert 1 == 0
E        +  where 1 = CompletedProcess(args=['E:\\persarb\\worktrees\\entropy-execution-app\\.venv\\Scripts\\python.exe', 'E:\\persarb\\work...   assert controller["orders_terminal"] is False\n           ^^^^^^^^^^^^^^^^^^^^^^^^^^^^^^^^^^^^^^\nAssertionError\n').returncode

tests\test_entropy_execution_native.py:313: AssertionError
______ test_actual_installed_factory_two_leg_execution[cleanup_failure] _______

tmp_path = WindowsPath('C:/Users/myron/AppData/Local/Temp/pytest-of-myron/pytest-590/test_actual_installed_factory_4')
mode = 'cleanup_failure'

    @pytest.mark.parametrize(
        "mode",
        [
            "paired",
            "reject",
            "partial",
            "unknown",
            "cleanup_failure",
            "foreign",
            "loss_fee",
        ],
    )
    def test_actual_installed_factory_two_leg_execution(tmp_path, mode):
        wheel = os.environ.get("ENTROPY43_NATIVE_WHEEL")
        sha256 = os.environ.get("ENTROPY43_NATIVE_SHA256")
        provenance = os.environ.get("ENTROPY43_NATIVE_PROVENANCE")
        if not all((wheel, sha256, provenance)):
            pytest.skip(
                "requires an explicitly selected source-bound native Entropy/Aster candidate"
            )
        evidence_root = os.environ.get("ENTROPY43_EVIDENCE_ROOT")
        directory = Path(evidence_root) / mode if evidence_root else tmp_path / mode
        directory.mkdir(parents=True, exist_ok=False)
        command = [
            sys.executable,
            str(Path(__file__).resolve()),
            "--entropy43-child",
            mode,
            str(directory),
            wheel,
            sha256,
            provenance,
        ]
        result = subprocess.run(
            command,
            cwd=ROOT,
            env=_environment(),
            capture_output=True,
            text=True,
            encoding="utf-8",
            errors="replace",
            timeout=55,
            check=False,
        )
        (directory / "child-command.json").write_text(
            json.dumps({"argv": command, "exit_code": result.returncode}, indent=2),
            encoding="utf-8",
        )
        (directory / "child-stdout.log").write_text(result.stdout, encoding="utf-8")
        (directory / "child-stderr.log").write_text(result.stderr, encoding="utf-8")
>       assert result.returncode == 0, result.stdout[-16000:] + result.stderr[-16000:]
E       AssertionError: Traceback (most recent call last):
E           File "E:\persarb\worktrees\entropy-execution-app\tests\test_entropy_execution_native.py", line 328, in _child_main
E             record = asyncio.run(
E                      ^^^^^^^^^^^^
E           File "C:\Users\myron\AppData\Roaming\uv\python\cpython-3.12.9-windows-x86_64-none\Lib\asyncio\runners.py", line 195, in run
E             return runner.run(main)
E                    ^^^^^^^^^^^^^^^^
E           File "C:\Users\myron\AppData\Roaming\uv\python\cpython-3.12.9-windows-x86_64-none\Lib\asyncio\runners.py", line 118, in run
E             return self._loop.run_until_complete(task)
E                    ^^^^^^^^^^^^^^^^^^^^^^^^^^^^^^^^^^^
E           File "C:\Users\myron\AppData\Roaming\uv\python\cpython-3.12.9-windows-x86_64-none\Lib\asyncio\base_events.py", line 691, in run_until_complete
E             return future.result()
E                    ^^^^^^^^^^^^^^^
E           File "E:\persarb\worktrees\entropy-execution-app\tests\test_entropy_execution_native.py", line 245, in child_case
E             assert any(fill["leg"] == "entropy" for fill in controller["fills"])
E                    ^^^^^^^^^^^^^^^^^^^^^^^^^^^^^^^^^^^^^^^^^^^^^^^^^^^^^^^^^^^^^
E         AssertionError
E         
E       assert 1 == 0
E        +  where 1 = CompletedProcess(args=['E:\\persarb\\worktrees\\entropy-execution-app\\.venv\\Scripts\\python.exe', 'E:\\persarb\\work...l in controller["fills"])\n           ^^^^^^^^^^^^^^^^^^^^^^^^^^^^^^^^^^^^^^^^^^^^^^^^^^^^^^^^^^^^^\nAssertionError\n').returncode

tests\test_entropy_execution_native.py:313: AssertionError
__________ test_actual_installed_factory_two_leg_execution[loss_fee] __________

tmp_path = WindowsPath('C:/Users/myron/AppData/Local/Temp/pytest-of-myron/pytest-590/test_actual_installed_factory_6')
mode = 'loss_fee'

    @pytest.mark.parametrize(
        "mode",
        [
            "paired",
            "reject",
            "partial",
            "unknown",
            "cleanup_failure",
            "foreign",
            "loss_fee",
        ],
    )
    def test_actual_installed_factory_two_leg_execution(tmp_path, mode):
        wheel = os.environ.get("ENTROPY43_NATIVE_WHEEL")
        sha256 = os.environ.get("ENTROPY43_NATIVE_SHA256")
        provenance = os.environ.get("ENTROPY43_NATIVE_PROVENANCE")
        if not all((wheel, sha256, provenance)):
            pytest.skip(
                "requires an explicitly selected source-bound native Entropy/Aster candidate"
            )
        evidence_root = os.environ.get("ENTROPY43_EVIDENCE_ROOT")
        directory = Path(evidence_root) / mode if evidence_root else tmp_path / mode
        directory.mkdir(parents=True, exist_ok=False)
        command = [
            sys.executable,
            str(Path(__file__).resolve()),
            "--entropy43-child",
            mode,
            str(directory),
            wheel,
            sha256,
            provenance,
        ]
        result = subprocess.run(
            command,
            cwd=ROOT,
            env=_environment(),
            capture_output=True,
            text=True,
            encoding="utf-8",
            errors="replace",
            timeout=55,
            check=False,
        )
        (directory / "child-command.json").write_text(
            json.dumps({"argv": command, "exit_code": result.returncode}, indent=2),
            encoding="utf-8",
        )
        (directory / "child-stdout.log").write_text(result.stdout, encoding="utf-8")
        (directory / "child-stderr.log").write_text(result.stderr, encoding="utf-8")
>       assert result.returncode == 0, result.stdout[-16000:] + result.stderr[-16000:]
E       AssertionError: Traceback (most recent call last):
E           File "E:\persarb\worktrees\entropy-execution-app\tests\test_entropy_execution_native.py", line 328, in _child_main
E             record = asyncio.run(
E                      ^^^^^^^^^^^^
E           File "C:\Users\myron\AppData\Roaming\uv\python\cpython-3.12.9-windows-x86_64-none\Lib\asyncio\runners.py", line 195, in run
E             return runner.run(main)
E                    ^^^^^^^^^^^^^^^^
E           File "C:\Users\myron\AppData\Roaming\uv\python\cpython-3.12.9-windows-x86_64-none\Lib\asyncio\runners.py", line 118, in run
E             return self._loop.run_until_complete(task)
E                    ^^^^^^^^^^^^^^^^^^^^^^^^^^^^^^^^^^^
E           File "C:\Users\myron\AppData\Roaming\uv\python\cpython-3.12.9-windows-x86_64-none\Lib\asyncio\base_events.py", line 691, in run_until_complete
E             return future.result()
E                    ^^^^^^^^^^^^^^^
E           File "E:\persarb\worktrees\entropy-execution-app\tests\test_entropy_execution_native.py", line 220, in child_case
E             assert any(fill["leg"] == "entropy" for fill in controller["fills"])
E                    ^^^^^^^^^^^^^^^^^^^^^^^^^^^^^^^^^^^^^^^^^^^^^^^^^^^^^^^^^^^^^
E         AssertionError
E         
E       assert 1 == 0
E        +  where 1 = CompletedProcess(args=['E:\\persarb\\worktrees\\entropy-execution-app\\.venv\\Scripts\\python.exe', 'E:\\persarb\\work...l in controller["fills"])\n           ^^^^^^^^^^^^^^^^^^^^^^^^^^^^^^^^^^^^^^^^^^^^^^^^^^^^^^^^^^^^^\nAssertionError\n').returncode

tests\test_entropy_execution_native.py:313: AssertionError
=========================== short test summary info ===========================
FAILED tests/test_entropy_execution_native.py::test_actual_installed_factory_two_leg_execution[paired]
FAILED tests/test_entropy_execution_native.py::test_actual_installed_factory_two_leg_execution[reject]
FAILED tests/test_entropy_execution_native.py::test_actual_installed_factory_two_leg_execution[partial]
FAILED tests/test_entropy_execution_native.py::test_actual_installed_factory_two_leg_execution[unknown]
FAILED tests/test_entropy_execution_native.py::test_actual_installed_factory_two_leg_execution[cleanup_failure]
FAILED tests/test_entropy_execution_native.py::test_actual_installed_factory_two_leg_execution[loss_fee]
6 failed, 1 passed, 12 deselected in 127.78s (0:02:07)
