   Compiling nautilus-core v0.63.0 (E:\persarb\worktrees\entropy-io-startup\crates\core)
   Compiling nautilus-common v0.63.0 (E:\persarb\worktrees\entropy-io-startup\crates\common)
   Compiling nautilus-persistence-macros v0.63.0 (E:\persarb\worktrees\entropy-io-startup\crates\persistence\macros)
   Compiling nautilus-serialization v0.63.0 (E:\persarb\worktrees\entropy-io-startup\crates\serialization)
warning: linker stdout: 正在创建库 E:/persarb/nautilus_trader/target\nextest\deps\nautilus_persistence_macros-63fd5ed65377140a.dll.lib 和对象 E:/persarb/nautilus_trader/target\nextest\deps\nautilus_persistence_macros-63fd5ed65377140a.dll.exp
  |
  = note: `#[warn(linker_messages)]` on by default
  = note: the `linker_messages` lint ignores `-D warnings`

warning: `nautilus-persistence-macros` (lib) generated 1 warning
   Compiling nautilus-model v0.63.0 (E:\persarb\worktrees\entropy-io-startup\crates\model)
   Compiling nautilus-cryptography v0.63.0 (E:\persarb\worktrees\entropy-io-startup\crates\cryptography)
   Compiling nautilus-network v0.63.0 (E:\persarb\worktrees\entropy-io-startup\crates\network)
   Compiling nautilus-analysis v0.63.0 (E:\persarb\worktrees\entropy-io-startup\crates\analysis)
   Compiling nautilus-execution v0.63.0 (E:\persarb\worktrees\entropy-io-startup\crates\execution)
   Compiling nautilus-portfolio v0.63.0 (E:\persarb\worktrees\entropy-io-startup\crates\portfolio)
   Compiling nautilus-persistence v0.63.0 (E:\persarb\worktrees\entropy-io-startup\crates\persistence)
   Compiling nautilus-live v0.63.0 (E:\persarb\worktrees\entropy-io-startup\crates\live)
   Compiling nautilus-trading v0.63.0 (E:\persarb\worktrees\entropy-io-startup\crates\trading)
   Compiling nautilus-testkit v0.63.0 (E:\persarb\worktrees\entropy-io-startup\crates\testkit)
   Compiling nautilus-hyperliquid v0.63.0 (E:\persarb\worktrees\entropy-io-startup\crates\adapters\hyperliquid)
error[E0308]: mismatched types
   --> crates\adapters\hyperliquid\tests\entropy_account\startup.rs:211:68
    |
211 |             .reconcile_execution_report(&ExecutionReport::Position(flat.clone()));
    |                                          ------------------------- ^^^^^^^^^^^^ expected `Box<PositionStatusReport>`, found `PositionStatusReport`
    |                                          |
    |                                          arguments to this enum variant are incorrect
    |
    = note: expected struct `Box<PositionStatusReport>`
               found struct `PositionStatusReport`
    = note: for more on the distinction between the stack and the heap, read https://doc.rust-lang.org/book/ch15-01-box.html, https://doc.rust-lang.org/rust-by-example/std/box.html, and https://doc.rust-lang.org/std/boxed/index.html
note: tuple variant defined here
   --> crates\common\src\messages\execution\mod.rs:53:5
    |
 53 |     Position(Box<PositionStatusReport>),
    |     ^^^^^^^^
help: store this in the heap by calling `Box::new`
    |
211 |             .reconcile_execution_report(&ExecutionReport::Position(Box::new(flat.clone())));
    |                                                                    +++++++++            +

For more information about this error, try `rustc --explain E0308`.
error: could not compile `nautilus-hyperliquid` (test "entropy_account") due to 1 previous error
warning: build failed, waiting for other jobs to finish...
warning: linker stdout: 正在创建库 E:\persarb\nautilus_trader\target\nextest\deps\hyperliquid_capture_test_data.lib 和对象 E:\persarb\nautilus_trader\target\nextest\deps\hyperliquid_capture_test_data.exp
  |
  = note: `#[warn(linker_messages)]` on by default
  = note: the `linker_messages` lint ignores `-D warnings`

warning: linker stdout: 正在创建库 E:\persarb\nautilus_trader\target\nextest\deps\hyperliquid_http_public.lib 和对象 E:\persarb\nautilus_trader\target\nextest\deps\hyperliquid_http_public.exp
  |
  = note: `#[warn(linker_messages)]` on by default
  = note: the `linker_messages` lint ignores `-D warnings`

warning: linker stdout: 正在创建库 E:\persarb\nautilus_trader\target\nextest\deps\hyperliquid_http_private.lib 和对象 E:\persarb\nautilus_trader\target\nextest\deps\hyperliquid_http_private.exp
  |
  = note: `#[warn(linker_messages)]` on by default
  = note: the `linker_messages` lint ignores `-D warnings`

warning: linker stdout: 正在创建库 E:\persarb\nautilus_trader\target\nextest\deps\hyperliquid_builder_fee_revoke.lib 和对象 E:\persarb\nautilus_trader\target\nextest\deps\hyperliquid_builder_fee_revoke.exp
  |
  = note: `#[warn(linker_messages)]` on by default
  = note: the `linker_messages` lint ignores `-D warnings`

warning: linker stdout: 正在创建库 E:\persarb\nautilus_trader\target\nextest\deps\hyperliquid_builder_fee_approve.lib 和对象 E:\persarb\nautilus_trader\target\nextest\deps\hyperliquid_builder_fee_approve.exp
  |
  = note: `#[warn(linker_messages)]` on by default
  = note: the `linker_messages` lint ignores `-D warnings`

warning: linker stdout: 正在创建库 E:\persarb\nautilus_trader\target\nextest\deps\hyperliquid_flatten.lib 和对象 E:\persarb\nautilus_trader\target\nextest\deps\hyperliquid_flatten.exp
  |
  = note: `#[warn(linker_messages)]` on by default
  = note: the `linker_messages` lint ignores `-D warnings`

warning: linker stdout: 正在创建库 E:\persarb\nautilus_trader\target\nextest\deps\hyperliquid_http_user_outcome.lib 和对象 E:\persarb\nautilus_trader\target\nextest\deps\hyperliquid_http_user_outcome.exp
  |
  = note: `#[warn(linker_messages)]` on by default
  = note: the `linker_messages` lint ignores `-D warnings`

warning: linker stdout: 正在创建库 E:\persarb\nautilus_trader\target\nextest\deps\hyperliquid_http_exec.lib 和对象 E:\persarb\nautilus_trader\target\nextest\deps\hyperliquid_http_exec.exp
  |
  = note: `#[warn(linker_messages)]` on by default
  = note: the `linker_messages` lint ignores `-D warnings`

warning: linker stdout: 正在创建库 E:\persarb\nautilus_trader\target\nextest\deps\hyperliquid_http_outcome_order.lib 和对象 E:\persarb\nautilus_trader\target\nextest\deps\hyperliquid_http_outcome_order.exp
  |
  = note: `#[warn(linker_messages)]` on by default
  = note: the `linker_messages` lint ignores `-D warnings`

warning: linker stdout: 正在创建库 E:\persarb\nautilus_trader\target\nextest\deps\hyperliquid_ws_exec.lib 和对象 E:\persarb\nautilus_trader\target\nextest\deps\hyperliquid_ws_exec.exp
  |
  = note: `#[warn(linker_messages)]` on by default
  = note: the `linker_messages` lint ignores `-D warnings`

warning: linker stdout: 正在创建库 E:\persarb\nautilus_trader\target\nextest\deps\hyperliquid_ws_data.lib 和对象 E:\persarb\nautilus_trader\target\nextest\deps\hyperliquid_ws_data.exp
  |
  = note: `#[warn(linker_messages)]` on by default
  = note: the `linker_messages` lint ignores `-D warnings`

warning: `nautilus-hyperliquid` (bin "hyperliquid-capture-test-data") generated 1 warning
warning: `nautilus-hyperliquid` (bin "hyperliquid-builder-fee-approve") generated 1 warning
warning: `nautilus-hyperliquid` (bin "hyperliquid-http-public") generated 1 warning
warning: `nautilus-hyperliquid` (bin "hyperliquid-builder-fee-revoke") generated 1 warning
warning: `nautilus-hyperliquid` (bin "hyperliquid-http-user-outcome") generated 1 warning
warning: `nautilus-hyperliquid` (bin "hyperliquid-http-private") generated 1 warning
warning: `nautilus-hyperliquid` (bin "hyperliquid-flatten") generated 1 warning
warning: `nautilus-hyperliquid` (bin "hyperliquid-http-exec") generated 1 warning
warning: `nautilus-hyperliquid` (bin "hyperliquid-http-outcome-order") generated 1 warning
warning: `nautilus-hyperliquid` (bin "hyperliquid-ws-exec") generated 1 warning
warning: `nautilus-hyperliquid` (bin "hyperliquid-ws-data") generated 1 warning
