   Compiling nautilus-aster v0.63.0 (E:\persarb\worktrees\entropy-aster-proof\crates\adapters\aster)
warning: linker stdout: 正在创建库 E:\persarb\nautilus_trader\target\nextest\deps\selected_scope-3ed7bbc44ec280f5.lib 和对象 E:\persarb\nautilus_trader\target\nextest\deps\selected_scope-3ed7bbc44ec280f5.exp
  |
  = note: `#[warn(linker_messages)]` on by default
  = note: the `linker_messages` lint ignores `-D warnings`

warning: `nautilus-aster` (test "selected_scope") generated 1 warning
    Finished `nextest` profile [unoptimized] target(s) in 5.99s
     Running tests\selected_scope.rs (E:/persarb/nautilus_trader/target\nextest\deps\selected_scope-3ed7bbc44ec280f5.exe)

running 31 tests
test incomplete_balance_never_grants_new_risk::case_6 ... ok
test incomplete_balance_never_grants_new_risk::case_1 ... ok
test unrepresentable_original_position_never_becomes_verified_zero::case_3 ... ok
test unrepresentable_original_position_never_becomes_verified_zero::case_2 ... ok
test incomplete_selected_positions_never_prove_flat::case_5 ... ok
test incomplete_selected_positions_never_prove_flat::case_6 ... ok
test incomplete_selected_positions_never_prove_flat::case_4 ... ok
test incomplete_selected_positions_never_prove_flat::case_2 ... ok
test incomplete_selected_positions_never_prove_flat::case_1 ... ok
test unrepresentable_original_position_never_becomes_verified_zero::case_1 ... ok
test incomplete_balance_never_grants_new_risk::case_5 ... ok
test incomplete_selected_positions_never_prove_flat::case_3 ... ok
test incomplete_balance_never_grants_new_risk::case_4 ... ok
test incomplete_balance_never_grants_new_risk::case_2 ... ok
test incomplete_balance_never_grants_new_risk::case_3 ... ok
test dropping_connected_client_immediately_detaches_diagnostics_without_polling_tasks ... ok
test raw_private_ingress_revokes_scope_even_when_typed_decoder_drops_it::case_1 ... ok
test raw_private_ingress_revokes_scope_even_when_typed_decoder_drops_it::case_4 ... ok
test final_dispatch_consumes_one_witness_and_second_order_is_denied ... ok
test raw_private_ingress_revokes_scope_even_when_typed_decoder_drops_it::case_3 ... ok
test actual_private_socket_loss_revokes_selected_scope ... ok
test raw_private_ingress_revokes_scope_even_when_typed_decoder_drops_it::case_2 ... ok
test position_only_private_change_revokes_proof_then_full_query_restores_current_scope ... ok
test written_rejection_consumes_scope_and_never_resends::case_2 ... ok
test written_rejection_consumes_scope_and_never_resends::case_3 ... ok
test written_rejection_consumes_scope_and_never_resends::case_1 ... ok
test stale_witness_refuses_order_without_network_submission ... ok
test in_flight_refresh_cannot_borrow_newer_private_generation ... ok
test later_selected_partial_order_cannot_certify_unobserved_cumulative_fills ... ok
test full_normal_factory_proof_preserves_selected_receive_origin ... ok
test timed_out_write_remains_untrusted_and_is_not_resent ... ok

test result: ok. 31 passed; 0 failed; 0 ignored; 0 measured; 0 filtered out; finished in 1.29s

