   Compiling nautilus-core v0.63.0 (E:\persarb\worktrees\entropy109-baseline\crates\core)
   Compiling nautilus-common v0.63.0 (E:\persarb\worktrees\entropy109-baseline\crates\common)
   Compiling nautilus-serialization v0.63.0 (E:\persarb\worktrees\entropy109-baseline\crates\serialization)
   Compiling nautilus-model v0.63.0 (E:\persarb\worktrees\entropy109-baseline\crates\model)
   Compiling nautilus-cryptography v0.63.0 (E:\persarb\worktrees\entropy109-baseline\crates\cryptography)
   Compiling nautilus-network v0.63.0 (E:\persarb\worktrees\entropy109-baseline\crates\network)
   Compiling nautilus-analysis v0.63.0 (E:\persarb\worktrees\entropy109-baseline\crates\analysis)
   Compiling nautilus-execution v0.63.0 (E:\persarb\worktrees\entropy109-baseline\crates\execution)
   Compiling nautilus-portfolio v0.63.0 (E:\persarb\worktrees\entropy109-baseline\crates\portfolio)
   Compiling nautilus-live v0.63.0 (E:\persarb\worktrees\entropy109-baseline\crates\live)
   Compiling nautilus-binance v0.63.0 (E:\persarb\worktrees\entropy109-baseline\crates\adapters\binance)
   Compiling nautilus-aster v0.63.0 (E:\persarb\worktrees\entropy109-baseline\crates\adapters\aster)
warning: linker stdout: 正在创建库 E:\persarb\nautilus_trader\target\nextest\deps\exec_client-780bac51ce8678c2.lib 和对象 E:\persarb\nautilus_trader\target\nextest\deps\exec_client-780bac51ce8678c2.exp
  |
  = note: `#[warn(linker_messages)]` on by default
  = note: the `linker_messages` lint ignores `-D warnings`

warning: `nautilus-aster` (test "exec_client") generated 1 warning
    Finished `nextest` profile [unoptimized] target(s) in 45.60s
     Running tests\exec_client.rs (E:/persarb/nautilus_trader/target\nextest\deps\exec_client-780bac51ce8678c2.exe)

running 1 test
test test_reconnect_flat_after_real_close_preserves_trade_ids_and_fees_once ... ok

test result: ok. 1 passed; 0 failed; 0 ignored; 0 measured; 97 filtered out; finished in 1.74s

