
running 22 tests
test execution::tests::default_private_invalidation_preserves_legacy_admission ... ok
test execution::tests::private_evidence_invalidates_selected_generation_and_witness ... ok
test execution::tests::reconnect_cannot_restore_a_superseded_selected_witness ... ok
test execution::tests::selected_proof_expires_and_does_not_trust_future_receive_time ... ok
test factories::tests::selected_scope_factory_is_weak_bound_and_refuses_active_replacement ... ok
test scope::tests::selected_decimal_accepts_exact_original_values::case_1 ... ok
test scope::tests::selected_decimal_accepts_exact_original_values::case_2 ... ok
test scope::tests::selected_decimal_accepts_exact_original_values::case_3 ... ok
test scope::tests::selected_decimal_accepts_exact_original_values::case_4 ... ok
test scope::tests::selected_decimal_accepts_exact_original_values::case_5 ... ok
test scope::tests::selected_decimal_rejects_rounding_underflow_and_unsupported_grammar::case_01 ... ok
test scope::tests::selected_decimal_rejects_rounding_underflow_and_unsupported_grammar::case_02 ... ok
test scope::tests::selected_decimal_rejects_rounding_underflow_and_unsupported_grammar::case_03 ... ok
test scope::tests::selected_decimal_rejects_rounding_underflow_and_unsupported_grammar::case_04 ... ok
test scope::tests::selected_decimal_rejects_rounding_underflow_and_unsupported_grammar::case_05 ... ok
test scope::tests::selected_decimal_rejects_rounding_underflow_and_unsupported_grammar::case_06 ... ok
test scope::tests::selected_decimal_rejects_rounding_underflow_and_unsupported_grammar::case_07 ... ok
test scope::tests::selected_decimal_rejects_rounding_underflow_and_unsupported_grammar::case_08 ... ok
test scope::tests::selected_decimal_rejects_rounding_underflow_and_unsupported_grammar::case_09 ... ok
test scope::tests::selected_decimal_rejects_rounding_underflow_and_unsupported_grammar::case_10 ... ok
test scope::tests::selected_decimal_rejects_rounding_underflow_and_unsupported_grammar::case_11 ... ok
test scope::tests::selected_decimal_rejects_rounding_underflow_and_unsupported_grammar::case_12 ... ok

test result: ok. 22 passed; 0 failed; 0 ignored; 0 measured; 336 filtered out; finished in 0.01s

