
running 35 tests
test actual_private_socket_loss_revokes_selected_scope ... ok
test dropping_connected_client_immediately_detaches_diagnostics_without_polling_tasks ... ok
test final_dispatch_consumes_one_witness_and_second_order_is_denied ... ok
test full_normal_factory_proof_preserves_selected_receive_origin ... ok
test in_flight_refresh_cannot_borrow_newer_private_generation ... ok
test incomplete_balance_never_grants_new_risk::case_1 ... ok
test incomplete_balance_never_grants_new_risk::case_2 ... ok
test incomplete_balance_never_grants_new_risk::case_3 ... ok
test incomplete_balance_never_grants_new_risk::case_4 ... ok
test incomplete_balance_never_grants_new_risk::case_5 ... ok
test incomplete_balance_never_grants_new_risk::case_6 ... ok
test incomplete_selected_positions_never_prove_flat::case_1 ... ok
test incomplete_selected_positions_never_prove_flat::case_2 ... ok
test incomplete_selected_positions_never_prove_flat::case_3 ... ok
test incomplete_selected_positions_never_prove_flat::case_4 ... ok
test incomplete_selected_positions_never_prove_flat::case_5 ... ok
test incomplete_selected_positions_never_prove_flat::case_6 ... ok
test late_targeted_actual_order_fill_keeps_selected_chronology_debt_sticky ... ok
test later_selected_partial_order_cannot_certify_unobserved_cumulative_fills ... ok
test position_only_private_change_revokes_proof_then_full_query_restores_current_scope ... ok
test raw_private_ingress_revokes_scope_even_when_typed_decoder_drops_it::case_1 ... ok
test raw_private_ingress_revokes_scope_even_when_typed_decoder_drops_it::case_2 ... ok
test raw_private_ingress_revokes_scope_even_when_typed_decoder_drops_it::case_3 ... ok
test raw_private_ingress_revokes_scope_even_when_typed_decoder_drops_it::case_4 ... ok
test selected_ambiguous_atomic_history_stays_in_debt_across_normal_queries::case_1 ... ok
test selected_ambiguous_atomic_history_stays_in_debt_across_normal_queries::case_2 ... ok
test selected_separated_batches_publish_in_actual_time_order_despite_reverse_order_ids ... ok
test stale_witness_refuses_order_without_network_submission ... ok
test timed_out_write_remains_untrusted_and_is_not_resent ... ok
test unrepresentable_original_position_never_becomes_verified_zero::case_1 ... ok
test unrepresentable_original_position_never_becomes_verified_zero::case_2 ... ok
test unrepresentable_original_position_never_becomes_verified_zero::case_3 ... ok
test written_rejection_consumes_scope_and_never_resends::case_1 ... ok
test written_rejection_consumes_scope_and_never_resends::case_2 ... ok
test written_rejection_consumes_scope_and_never_resends::case_3 ... ok

test result: ok. 35 passed; 0 failed; 0 ignored; 0 measured; 0 filtered out; finished in 36.34s

