
running 144 tests
test futures::websocket::streams::client::tests::test_cancelled_close_retains_connection_slot ... ok
test futures::websocket::streams::client::tests::test_connect_timeout_defaults_to_the_binance_value ... ok
test futures::websocket::streams::client::tests::test_with_connect_timeout_none_keeps_the_binance_default ... ok
test futures::websocket::streams::client::tests::test_with_connect_timeout_overrides_the_default ... ok
test futures::websocket::streams::client::tests::test_with_proxy_preserves_proxy_url ... ok
test futures::websocket::streams::dispatch::tests::test_dispatch_algo_update_invalid_client_order_id_emits_nothing ... ok
test futures::websocket::streams::dispatch::tests::test_dispatch_algo_update_triggered_emits_updated_with_actual_order_id ... ok
test futures::websocket::streams::dispatch::tests::test_dispatch_algo_update_untracked_canceled_keeps_one_way_mode_unkeyed ... ok
test futures::websocket::streams::dispatch::tests::test_dispatch_order_update_amendment_emits_updated ... ok
test futures::websocket::streams::dispatch::tests::test_dispatch_order_update_expired_respects_treat_flag::case_1_as_canceled ... ok
test futures::websocket::streams::dispatch::tests::test_dispatch_order_update_expired_respects_treat_flag::case_2_as_expired ... ok
test futures::websocket::streams::dispatch::tests::test_dispatch_order_update_invalid_client_order_id_emits_nothing ... ok
test futures::websocket::streams::dispatch::tests::test_dispatch_order_update_new_after_algo_accepted_reconciles_reduced_quantity ... ok
test futures::websocket::streams::dispatch::tests::test_dispatch_order_update_new_with_matching_price_skips_updated ... ok
test futures::websocket::streams::dispatch::tests::test_dispatch_order_update_new_with_price_match_divergence_emits_updated ... ok
test futures::websocket::streams::dispatch::tests::test_dispatch_order_update_new_with_zero_venue_qty_skips_updated ... ok
test futures::websocket::streams::dispatch::tests::test_dispatch_order_update_skips_duplicate_exchange_generated_fill ... ok
test futures::websocket::streams::dispatch::tests::test_dispatch_order_update_skips_duplicate_tracked_trade ... ok
test futures::websocket::streams::dispatch::tests::test_dispatch_order_update_skips_duplicate_untracked_trade ... ok
test futures::websocket::streams::dispatch::tests::test_dispatch_order_update_trade_does_not_re_emit_updated_after_identity_refresh ... ok
test futures::websocket::streams::dispatch::tests::test_dispatch_order_update_trade_emits_updated_then_filled_for_reduced_qty ... ok
test futures::websocket::streams::dispatch::tests::test_dispatch_order_update_trade_rejects_invalid_fill_price ... ok
test futures::websocket::streams::dispatch::tests::test_dispatch_order_update_trade_skips_invalid_commission_only ... ok
test futures::websocket::streams::dispatch::tests::test_dispatch_order_update_trade_tracked_runs_cleanup_when_terminal_with_use_trade_lite ... ok
test futures::websocket::streams::dispatch::tests::test_dispatch_order_update_trade_tracked_skips_fill_when_use_trade_lite ... ok
test futures::websocket::streams::dispatch::tests::test_dispatch_order_update_trade_untracked_still_emits_reports_with_use_trade_lite ... ok
test futures::websocket::streams::dispatch::tests::test_dispatch_promotes_algo_id_once_for_event_order::case_1_matching_event_first ... ok
test futures::websocket::streams::dispatch::tests::test_dispatch_promotes_algo_id_once_for_event_order::case_2_algo_triggered_first ... ok
test futures::websocket::streams::dispatch::tests::test_dispatch_trade_lite_does_not_re_emit_updated_after_identity_refresh ... ok
test futures::websocket::streams::dispatch::tests::test_dispatch_trade_lite_emits_updated_for_reduced_qty ... ok
test futures::websocket::streams::dispatch::tests::test_dispatch_trade_lite_invalid_client_order_id_emits_nothing ... ok
test futures::websocket::streams::dispatch::tests::test_dispatch_trade_lite_promotes_algo_id_before_fill ... ok
test futures::websocket::streams::dispatch::tests::test_dispatch_trade_lite_rejects_invalid_fill_price ... ok
test futures::websocket::streams::dispatch::tests::test_dispatch_trade_lite_rejects_invalid_fill_quantity ... ok
test futures::websocket::streams::dispatch::tests::test_dispatch_trade_lite_tracked_emits_filled ... ok
test futures::websocket::streams::dispatch::tests::test_dispatch_trade_lite_untracked_is_noop ... ok
test futures::websocket::streams::dispatch::tests::test_dispatch_trade_lite_uses_instrument_quote_currency ... ok
test futures::websocket::streams::dispatch::tests::test_dispatch_trade_lite_uses_usdm_instrument_quote_currency ... ok
test futures::websocket::streams::dispatch::tests::test_emit_bundled_when_both_parsed ... ok
test futures::websocket::streams::dispatch::tests::test_emit_fill_alone_when_status_parser_fails ... ok
test futures::websocket::streams::dispatch::tests::test_emit_nothing_when_both_parsers_fail ... ok
test futures::websocket::streams::dispatch::tests::test_emit_status_alone_when_fill_parser_fails ... ok
test futures::websocket::streams::dispatch::tests::test_make_venue_position_id_disabled::case_1_long ... ok
test futures::websocket::streams::dispatch::tests::test_make_venue_position_id_disabled::case_2_short ... ok
test futures::websocket::streams::dispatch::tests::test_make_venue_position_id_disabled::case_3_both ... ok
test futures::websocket::streams::dispatch::tests::test_make_venue_position_id_disabled::case_4_unknown ... ok
test futures::websocket::streams::dispatch::tests::test_make_venue_position_id_enabled::case_1_long ... ok
test futures::websocket::streams::dispatch::tests::test_make_venue_position_id_enabled::case_2_short ... ok
test futures::websocket::streams::dispatch::tests::test_make_venue_position_id_keeps_one_way_mode_unkeyed ... ok
test futures::websocket::streams::dispatch::tests::test_make_venue_position_id_rejects_invalid_side::case_1_missing ... ok
test futures::websocket::streams::dispatch::tests::test_make_venue_position_id_rejects_invalid_side::case_2_unknown ... ok
test futures::websocket::streams::dispatch::tests::test_parse_exchange_generated_fill_quantity_rejects_invalid_fill_quantity ... ok
test futures::websocket::streams::dispatch::tests::test_resolve_instrument_metadata_rejects_product_mismatch ... ok
test futures::websocket::streams::handler::tests::test_error_responses_preserve_subscription_intent ... ok
test futures::websocket::streams::handler::tests::test_subscription_intent_is_preserved_without_active_client ... ok
test futures::websocket::streams::messages::tests::test_account_update_reason_adl_deserializes ... ok
test futures::websocket::streams::messages::tests::test_account_update_reason_unknown_fallback ... ok
test futures::websocket::streams::parse_data::tests::test_deserialize_liquidation_msg ... ok
test futures::websocket::streams::parse_data::tests::test_deserialize_ticker_msg ... ok
test futures::websocket::streams::parse_data::tests::test_extract_event_type ... ok
test futures::websocket::streams::parse_data::tests::test_extract_event_type_force_order ... ok
test futures::websocket::streams::parse_data::tests::test_extract_event_type_ticker ... ok
test futures::websocket::streams::parse_data::tests::test_extract_symbol ... ok
test futures::websocket::streams::parse_data::tests::test_mark_price_msg_deserializes_optional_ap ... ok
test futures::websocket::streams::parse_data::tests::test_parse_agg_trade ... ok
test futures::websocket::streams::parse_data::tests::test_parse_agg_trade_falls_back_for_invalid_timestamp::case_1_negative ... ok
test futures::websocket::streams::parse_data::tests::test_parse_agg_trade_falls_back_for_invalid_timestamp::case_2_overflow ... ok
test futures::websocket::streams::parse_data::tests::test_parse_book_ticker ... ok
test futures::websocket::streams::parse_data::tests::test_parse_depth_update ... ok
test futures::websocket::streams::parse_data::tests::test_parse_kline_closed ... ok
test futures::websocket::streams::parse_data::tests::test_parse_kline_open_returns_none ... ok
test futures::websocket::streams::parse_data::tests::test_parse_mark_price ... ok
test futures::websocket::streams::parse_data::tests::test_parse_mark_price_funding_rate_fields ... ok
test futures::websocket::streams::parse_data::tests::test_parse_mark_price_preserves_missing_funding_time::case_1_zero ... ok
test futures::websocket::streams::parse_data::tests::test_parse_mark_price_preserves_missing_funding_time::case_2_negative ... ok
test futures::websocket::streams::parse_data::tests::test_parse_ticker ... ok
test futures::websocket::streams::parse_data::tests::test_parse_ticker_rejects_invalid_numeric_field ... ok
test futures::websocket::streams::parse_data::tests::test_parse_trade ... ok
test futures::websocket::streams::parse_exec::tests::test_decode_algo_client_id ... ok
test futures::websocket::streams::parse_exec::tests::test_decode_algo_client_id_rejects_malformed_prefixed_input ... ok
test futures::websocket::streams::parse_exec::tests::test_decode_order_client_id ... ok
test futures::websocket::streams::parse_exec::tests::test_decode_order_client_id_rejects_invalid_input::case_1_empty ... ok
test futures::websocket::streams::parse_exec::tests::test_decode_order_client_id_rejects_invalid_input::case_2_whitespace ... ok
test futures::websocket::streams::parse_exec::tests::test_decode_order_client_id_rejects_invalid_input::case_3_non_ascii ... ok
test futures::websocket::streams::parse_exec::tests::test_decode_order_client_id_rejects_invalid_input::case_4_malformed_prefixed ... ok
test futures::websocket::streams::parse_exec::tests::test_is_exchange_generated_adl_autoclose ... ok
test futures::websocket::streams::parse_exec::tests::test_is_exchange_generated_autoclose ... ok
test futures::websocket::streams::parse_exec::tests::test_is_exchange_generated_delivery_autoclose ... ok
test futures::websocket::streams::parse_exec::tests::test_is_exchange_generated_settlement_autoclose ... ok
test futures::websocket::streams::parse_exec::tests::test_normal_order_is_not_exchange_generated ... ok
test futures::websocket::streams::parse_exec::tests::test_parse_account_update ... ok
test futures::websocket::streams::parse_exec::tests::test_parse_account_update_maps_bnfcr_to_configured_currency::case_1 ... ok
test futures::websocket::streams::parse_exec::tests::test_parse_account_update_maps_bnfcr_to_configured_currency::case_2 ... ok
test futures::websocket::streams::parse_exec::tests::test_parse_account_update_precision_drift ... ok
test futures::websocket::streams::parse_exec::tests::test_parse_adl_fill_with_new_adl_status ... ok
test futures::websocket::streams::parse_exec::tests::test_parse_adl_status_report_maps_new_adl_to_filled ... ok
test futures::websocket::streams::parse_exec::tests::test_parse_algo_update_to_order_status_canceled ... ok
test futures::websocket::streams::parse_exec::tests::test_parse_algo_update_to_order_status_new_returns_none ... ok
test futures::websocket::streams::parse_exec::tests::test_parse_algo_update_to_order_status_preserves_good_till_date ... ok
test futures::websocket::streams::parse_exec::tests::test_parse_algo_update_to_order_status_rejects_invalid_quantity ... ok
test futures::websocket::streams::parse_exec::tests::test_parse_algo_update_to_order_status_rejects_invalid_trigger_price ... ok
test futures::websocket::streams::parse_exec::tests::test_parse_algo_update_to_order_status_rejects_missing_limit_price ... ok
test futures::websocket::streams::parse_exec::tests::test_parse_algo_update_to_order_status_rejects_missing_trigger_price ... ok
test futures::websocket::streams::parse_exec::tests::test_parse_fill_with_optional_params::case_1_with_venue_position_id ... ok
test futures::websocket::streams::parse_exec::tests::test_parse_fill_with_optional_params::case_2_without_extras ... ok
test futures::websocket::streams::parse_exec::tests::test_parse_insurance_fill_with_new_insurance_status ... ok
test futures::websocket::streams::parse_exec::tests::test_parse_insurance_status_maps_new_insurance_to_filled ... ok
test futures::websocket::streams::parse_exec::tests::test_parse_liquidation_fill ... ok
test futures::websocket::streams::parse_exec::tests::test_parse_liquidation_status_report ... ok
test futures::websocket::streams::parse_exec::tests::test_parse_order_status_expired_respects_treat_as_canceled::case_1 ... ok
test futures::websocket::streams::parse_exec::tests::test_parse_order_status_expired_respects_treat_as_canceled::case_2 ... ok
test futures::websocket::streams::parse_exec::tests::test_parse_order_status_expired_respects_treat_as_canceled::case_3 ... ok
test futures::websocket::streams::parse_exec::tests::test_parse_order_status_expired_respects_treat_as_canceled::case_4 ... ok
test futures::websocket::streams::parse_exec::tests::test_parse_order_status_new_adl_maps_to_filled ... ok
test futures::websocket::streams::parse_exec::tests::test_parse_order_status_new_insurance_maps_to_filled ... ok
test futures::websocket::streams::parse_exec::tests::test_parse_order_update_to_fill_rejects_invalid_commission ... ok
test futures::websocket::streams::parse_exec::tests::test_parse_order_update_to_fill_rejects_invalid_price ... ok
test futures::websocket::streams::parse_exec::tests::test_parse_order_update_to_fill_rejects_invalid_quantity ... ok
test futures::websocket::streams::parse_exec::tests::test_parse_order_update_to_fill_report ... ok
test futures::websocket::streams::parse_exec::tests::test_parse_order_update_to_order_status_captures_activation_price ... ok
test futures::websocket::streams::parse_exec::tests::test_parse_order_update_to_order_status_falls_back_for_invalid_timestamp::case_1_negative ... ok
test futures::websocket::streams::parse_exec::tests::test_parse_order_update_to_order_status_falls_back_for_invalid_timestamp::case_2_overflow ... ok
test futures::websocket::streams::parse_exec::tests::test_parse_order_update_to_order_status_new ... ok
test futures::websocket::streams::parse_exec::tests::test_parse_order_update_to_order_status_preserves_good_till_date ... ok
test futures::websocket::streams::parse_exec::tests::test_parse_order_update_to_order_status_rejects_invalid_filled_quantity ... ok
test futures::websocket::streams::parse_exec::tests::test_parse_order_update_to_order_status_rejects_invalid_price ... ok
test futures::websocket::streams::parse_exec::tests::test_parse_order_update_to_order_status_rejects_invalid_quantity ... ok
test futures::websocket::streams::parse_exec::tests::test_parse_order_update_to_order_status_skips_invalid_optional_fields ... ok
test futures::websocket::streams::parse_exec::tests::test_parse_settlement_fill_with_trade_exec_type ... ok
test futures::websocket::streams::parse_exec::tests::test_parse_settlement_status_report ... ok
test futures::websocket::streams::parse_exec::tests::test_pending_liquidation_has_zero_fill_qty ... ok
test futures::websocket::streams::parse_exec::tests::test_resolve_commission::case_1_venue_provided ... ok
test futures::websocket::streams::parse_exec::tests::test_resolve_commission::case_2_fallback_from_taker_fee ... ok
test futures::websocket::streams::parse_exec::tests::test_resolve_commission::case_3_no_commission_no_fee ... ok
test futures::websocket::streams::recovery::tests::test_recovery_reconcile_fails_orders_with_unresolved_metadata::case_1 ... ok
test futures::websocket::streams::recovery::tests::test_recovery_reconcile_fails_orders_with_unresolved_metadata::case_2 ... ok
test futures::websocket::streams::recovery::tests::test_recovery_reconcile_fails_when_both_queries_fail ... ok
test futures::websocket::streams::recovery::tests::test_recovery_reconcile_includes_position_id::case_1 ... ok
test futures::websocket::streams::recovery::tests::test_recovery_reconcile_includes_position_id::case_2 ... ok
test futures::websocket::streams::recovery::tests::test_resolve_precision_rejects_missing_coinm_instrument ... ok
test futures::websocket::streams::recovery::tests::test_resolve_precision_rejects_missing_usdm_instrument ... ok
test futures::websocket::streams::recovery::tests::test_resolve_precision_rejects_product_mismatch ... ok
test futures::websocket::streams::recovery::tests::test_resolve_precision_returns_cached_instrument ... ok
test futures::websocket::streams::recovery::tests::test_resolve_precision_uses_cached_coinm_precision ... ok

test result: ok. 144 passed; 0 failed; 0 ignored; 0 measured; 833 filtered out; finished in 0.05s

