
running 55 tests
test execution::startup::account_only_io_client_cannot_guess_a_selected_startup_universe ... ok
test execution::startup::account_ttl_expiry_during_successful_window_reads_is_not_a_flat_witness ... ok
test execution::startup::actual_window_endpoint_failure_is_not_an_empty_mass_status::case_1 ... ok
test execution::startup::actual_window_endpoint_failure_is_not_an_empty_mass_status::case_2 ... ok
test execution::startup::actual_window_endpoint_failure_is_not_an_empty_mass_status::case_3 ... ok
test execution::startup::bounded_startup_deadline_refuses_late_successful_history_response ... ok
test execution::startup::current_complete_account_mode_metadata_and_source_are_required::case_01 ... ok
test execution::startup::current_complete_account_mode_metadata_and_source_are_required::case_02 ... ok
test execution::startup::current_complete_account_mode_metadata_and_source_are_required::case_03 ... ok
test execution::startup::current_complete_account_mode_metadata_and_source_are_required::case_04 ... ok
test execution::startup::current_complete_account_mode_metadata_and_source_are_required::case_05 ... ok
test execution::startup::current_complete_account_mode_metadata_and_source_are_required::case_06 ... ok
test execution::startup::current_complete_account_mode_metadata_and_source_are_required::case_07 ... ok
test execution::startup::current_complete_account_mode_metadata_and_source_are_required::case_08 ... ok
test execution::startup::current_complete_account_mode_metadata_and_source_are_required::case_09 ... ok
test execution::startup::current_complete_account_mode_metadata_and_source_are_required::case_10 ... ok
test execution::startup::current_complete_account_mode_metadata_and_source_are_required::case_11 ... ok
test execution::startup::current_complete_account_mode_metadata_and_source_are_required::case_12 ... ok
test execution::startup::delayed_window_does_not_borrow_new_proof_or_reader_authority::case_1 ... ok
test execution::startup::delayed_window_does_not_borrow_new_proof_or_reader_authority::case_2 ... ok
test execution::startup::delayed_window_does_not_borrow_new_proof_or_reader_authority::case_3 ... ok
test execution::startup::delayed_window_does_not_borrow_new_proof_or_reader_authority::case_4 ... ok
test execution::startup::delayed_window_does_not_borrow_new_proof_or_reader_authority::case_5 ... ok
test execution::startup::delayed_window_does_not_borrow_new_proof_or_reader_authority::case_6 ... ok
test execution::startup::durable_actual_fill_cold_debt_cannot_return_startup_flat_or_reapply_financial_facts ... ok
test execution::startup::fresh_origin_actual_empty_scope_returns_selected_flat_reports_without_cache_adjustment::case_1 ... ok
test execution::startup::fresh_origin_actual_empty_scope_returns_selected_flat_reports_without_cache_adjustment::case_2 ... ok
test execution::startup::fresh_origin_actual_empty_scope_returns_selected_flat_reports_without_cache_adjustment::case_3 ... ok
test execution::startup::missing_invalid_or_nonempty_window_cannot_be_interpreted_as_empty::case_01 ... ok
test execution::startup::missing_invalid_or_nonempty_window_cannot_be_interpreted_as_empty::case_02 ... ok
test execution::startup::missing_invalid_or_nonempty_window_cannot_be_interpreted_as_empty::case_03 ... ok
test execution::startup::missing_invalid_or_nonempty_window_cannot_be_interpreted_as_empty::case_04 ... ok
test execution::startup::missing_invalid_or_nonempty_window_cannot_be_interpreted_as_empty::case_05 ... ok
test execution::startup::missing_invalid_or_nonempty_window_cannot_be_interpreted_as_empty::case_06 ... ok
test execution::startup::missing_invalid_or_nonempty_window_cannot_be_interpreted_as_empty::case_07 ... ok
test execution::startup::missing_invalid_or_nonempty_window_cannot_be_interpreted_as_empty::case_08 ... ok
test execution::startup::missing_invalid_or_nonempty_window_cannot_be_interpreted_as_empty::case_09 ... ok
test execution::startup::missing_invalid_or_nonempty_window_cannot_be_interpreted_as_empty::case_10 ... ok
test execution::startup::native_actual_canceled_order_history_blocks_even_a_separate_fresh_journal ... ok
test execution::startup::nonempty_original_journal_never_becomes_a_fresh_origin::case_1 ... ok
test execution::startup::nonempty_original_journal_never_becomes_a_fresh_origin::case_2 ... ok
test execution::startup::nonempty_original_journal_never_becomes_a_fresh_origin::case_3 ... ok
test execution::startup::ordinary_routed_unbound_cached_order_from_any_strategy_blocks_flat_startup::case_1 ... ok
test execution::startup::ordinary_routed_unbound_cached_order_from_any_strategy_blocks_flat_startup::case_2 ... ok
test execution::startup::ordinary_routed_unbound_cached_order_from_any_strategy_blocks_flat_startup::case_3 ... ok
test execution::startup::ordinary_routed_unbound_cached_order_from_any_strategy_blocks_flat_startup::case_4 ... ok
test execution::startup::original_native_terminal_journal_cannot_restart_as_fresh_with_an_empty_cache ... ok
test execution::startup::preparing_normal_owned_action_during_history_reads_rejects_report_without_releasing_budget ... ok
test execution::startup::successful_but_nonempty_foreign_saturated_or_oversized_sources_refuse_startup::case_1 ... ok
test execution::startup::successful_but_nonempty_foreign_saturated_or_oversized_sources_refuse_startup::case_2 ... ok
test execution::startup::successful_but_nonempty_foreign_saturated_or_oversized_sources_refuse_startup::case_3 ... ok
test execution::startup::successful_but_nonempty_foreign_saturated_or_oversized_sources_refuse_startup::case_4 ... ok
test execution::startup::successful_but_nonempty_foreign_saturated_or_oversized_sources_refuse_startup::case_5 ... ok
test execution::startup::successful_but_nonempty_foreign_saturated_or_oversized_sources_refuse_startup::case_6 ... ok
test execution::startup::unknown_actual_submit_is_not_retried_or_freed_by_startup_mass_status ... ok

test result: ok. 55 passed; 0 failed; 0 ignored; 0 measured; 178 filtered out; finished in 15.23s

